Archive member included to satisfy reference by file (symbol)

C:/Users/Nicu/AppData/Local/Arm/Packs/ONSemiconductor/BDK/1.19.0/source/firmware/Components/BSEC_1.4.7.1_Generic_Release_20180907/algo/bin/Normal_version/gcc/Cortex_M3/libalgobsec.a(bsec_interface.o)
                              ./src/bsp/BSEC_ENV.o (bsec_init)
C:/Users/Nicu/AppData/Local/Arm/Packs/ONSemiconductor/BDK/1.19.0/source/firmware/Components/BSEC_1.4.7.1_Generic_Release_20180907/algo/bin/Normal_version/gcc/Cortex_M3/libalgobsec.a(bsec_codegen_do_steps.o)
                              C:/Users/Nicu/AppData/Local/Arm/Packs/ONSemiconductor/BDK/1.19.0/source/firmware/Components/BSEC_1.4.7.1_Generic_Release_20180907/algo/bin/Normal_version/gcc/Cortex_M3/libalgobsec.a(bsec_interface.o) (bsec_codegen_do_steps)
C:/Users/Nicu/AppData/Local/Arm/Packs/ONSemiconductor/BDK/1.19.0/source/firmware/Components/BSEC_1.4.7.1_Generic_Release_20180907/algo/bin/Normal_version/gcc/Cortex_M3/libalgobsec.a(bsec_codegen_get_configuration.o)
                              C:/Users/Nicu/AppData/Local/Arm/Packs/ONSemiconductor/BDK/1.19.0/source/firmware/Components/BSEC_1.4.7.1_Generic_Release_20180907/algo/bin/Normal_version/gcc/Cortex_M3/libalgobsec.a(bsec_interface.o) (bsec_codegen_get_configuration)
C:/Users/Nicu/AppData/Local/Arm/Packs/ONSemiconductor/BDK/1.19.0/source/firmware/Components/BSEC_1.4.7.1_Generic_Release_20180907/algo/bin/Normal_version/gcc/Cortex_M3/libalgobsec.a(bsec_codegen_get_state.o)
                              C:/Users/Nicu/AppData/Local/Arm/Packs/ONSemiconductor/BDK/1.19.0/source/firmware/Components/BSEC_1.4.7.1_Generic_Release_20180907/algo/bin/Normal_version/gcc/Cortex_M3/libalgobsec.a(bsec_interface.o) (bsec_codegen_get_state)
C:/Users/Nicu/AppData/Local/Arm/Packs/ONSemiconductor/BDK/1.19.0/source/firmware/Components/BSEC_1.4.7.1_Generic_Release_20180907/algo/bin/Normal_version/gcc/Cortex_M3/libalgobsec.a(bsec_codegen_get_version.o)
                              C:/Users/Nicu/AppData/Local/Arm/Packs/ONSemiconductor/BDK/1.19.0/source/firmware/Components/BSEC_1.4.7.1_Generic_Release_20180907/algo/bin/Normal_version/gcc/Cortex_M3/libalgobsec.a(bsec_interface.o) (bsec_codegen_get_version)
C:/Users/Nicu/AppData/Local/Arm/Packs/ONSemiconductor/BDK/1.19.0/source/firmware/Components/BSEC_1.4.7.1_Generic_Release_20180907/algo/bin/Normal_version/gcc/Cortex_M3/libalgobsec.a(bsec_codegen_init.o)
                              C:/Users/Nicu/AppData/Local/Arm/Packs/ONSemiconductor/BDK/1.19.0/source/firmware/Components/BSEC_1.4.7.1_Generic_Release_20180907/algo/bin/Normal_version/gcc/Cortex_M3/libalgobsec.a(bsec_interface.o) (bsec_codegen_init)
C:/Users/Nicu/AppData/Local/Arm/Packs/ONSemiconductor/BDK/1.19.0/source/firmware/Components/BSEC_1.4.7.1_Generic_Release_20180907/algo/bin/Normal_version/gcc/Cortex_M3/libalgobsec.a(bsec_codegen_reset_output.o)
                              C:/Users/Nicu/AppData/Local/Arm/Packs/ONSemiconductor/BDK/1.19.0/source/firmware/Components/BSEC_1.4.7.1_Generic_Release_20180907/algo/bin/Normal_version/gcc/Cortex_M3/libalgobsec.a(bsec_interface.o) (bsec_codegen_reset_output)
C:/Users/Nicu/AppData/Local/Arm/Packs/ONSemiconductor/BDK/1.19.0/source/firmware/Components/BSEC_1.4.7.1_Generic_Release_20180907/algo/bin/Normal_version/gcc/Cortex_M3/libalgobsec.a(bsec_codegen_sensor_control.o)
                              C:/Users/Nicu/AppData/Local/Arm/Packs/ONSemiconductor/BDK/1.19.0/source/firmware/Components/BSEC_1.4.7.1_Generic_Release_20180907/algo/bin/Normal_version/gcc/Cortex_M3/libalgobsec.a(bsec_interface.o) (bsec_codegen_sensor_control)
C:/Users/Nicu/AppData/Local/Arm/Packs/ONSemiconductor/BDK/1.19.0/source/firmware/Components/BSEC_1.4.7.1_Generic_Release_20180907/algo/bin/Normal_version/gcc/Cortex_M3/libalgobsec.a(bsec_codegen_set_configuration.o)
                              C:/Users/Nicu/AppData/Local/Arm/Packs/ONSemiconductor/BDK/1.19.0/source/firmware/Components/BSEC_1.4.7.1_Generic_Release_20180907/algo/bin/Normal_version/gcc/Cortex_M3/libalgobsec.a(bsec_interface.o) (bsec_codegen_set_configuration)
C:/Users/Nicu/AppData/Local/Arm/Packs/ONSemiconductor/BDK/1.19.0/source/firmware/Components/BSEC_1.4.7.1_Generic_Release_20180907/algo/bin/Normal_version/gcc/Cortex_M3/libalgobsec.a(bsec_codegen_set_state.o)
                              C:/Users/Nicu/AppData/Local/Arm/Packs/ONSemiconductor/BDK/1.19.0/source/firmware/Components/BSEC_1.4.7.1_Generic_Release_20180907/algo/bin/Normal_version/gcc/Cortex_M3/libalgobsec.a(bsec_interface.o) (bsec_codegen_set_state)
C:/Users/Nicu/AppData/Local/Arm/Packs/ONSemiconductor/BDK/1.19.0/source/firmware/Components/BSEC_1.4.7.1_Generic_Release_20180907/algo/bin/Normal_version/gcc/Cortex_M3/libalgobsec.a(bsec_codegen_update_subscription.o)
[...]
Memory Configuration

Name             Origin             Length             Attributes
ROM              0x00000000         0x00001000         r
FLASH            0x00100000         0x0005f000         xrw
PRAM             0x00200000         0x00008000         xrw
DRAM             0x20000000         0x00005fe8         xrw
DRAM_DSP         0x20006000         0x0000c000         xrw
DRAM_BB          0x20012000         0x00004000         xrw
*default*        0x00000000         0xffffffff

Linker script and memory map

START GROUP
LOAD ./src/ics/CS.o
LOAD ./src/ics/CS_Platform_RSL10_HB.o
LOAD ./src/device/BDK.o
LOAD ./src/device/BDK_Task.o
LOAD ./src/device/EventCallback.o
LOAD ./src/device/HAL.o
LOAD ./src/device/HAL_I2C.o
LOAD ./src/device/HAL_UART.o
LOAD ./src/device/HAL_clock.o
LOAD ./src/device/HAL_error.o
LOAD ./src/device/I2C_RSLxx.o
LOAD ./src/device/SEGGER_RTT.o
LOAD ./src/device/SEGGER_RTT_printf.o
LOAD ./src/device/SoftwareTimer.o
LOAD ./src/device/USART_RSLxx.o
LOAD ./src/device/stimer.o
LOAD ./src/device/syscalls_hal_uart.o
LOAD ./src/bsp/BHI160_NDOF.o
LOAD ./src/bsp/BME680_ENV.o
LOAD ./src/bsp/BSEC_ENV.o
LOAD ./src/bsp/I2CEeprom.o
LOAD ./src/bsp/NOA1305_ALS.o
LOAD ./src/bsp/bhy_support.o
LOAD ./src/bsp/button_api.o
LOAD ./src/bsp/led_api.o
LOAD ./src/ble/BLE_BASS.o
LOAD ./src/ble/BLE_ICS.o
LOAD ./src/ble/BLE_PeripheralServer.o
LOAD ./src/CSN_LP_ALS.o
LOAD ./src/CSN_LP_AO.o
LOAD ./src/CSN_LP_ENV.o
LOAD ./src/HAL_RTC.o
LOAD ./src/aes.o
LOAD ./src/app.o
LOAD ./src/app_ble_hooks.o
LOAD ./src/app_init.o
LOAD ./src/app_sleep.o
LOAD ./src/app_timer.o
LOAD ./src/app_trace.o
LOAD ./src/calibration.o
LOAD ./src/wakeup_asm.o
LOAD ./RTE/Device/RSL10/rsl10_protocol.o
LOAD ./RTE/Device/RSL10/rsl10_romvect.o
LOAD ./RTE/Device/RSL10/rsl10_sys_asrc.o
LOAD ./RTE/Device/RSL10/rsl10_sys_audio.o
LOAD ./RTE/Device/RSL10/rsl10_sys_clocks.o
LOAD ./RTE/Device/RSL10/rsl10_sys_crc.o
LOAD ./RTE/Device/RSL10/rsl10_sys_dma.o
LOAD ./RTE/Device/RSL10/rsl10_sys_flash.o
LOAD ./RTE/Device/RSL10/rsl10_sys_power.o
LOAD ./RTE/Device/RSL10/rsl10_sys_power_modes.o
LOAD ./RTE/Device/RSL10/rsl10_sys_rffe.o
LOAD ./RTE/Device/RSL10/rsl10_sys_timers.o
LOAD ./RTE/Device/RSL10/rsl10_sys_uart.o
LOAD ./RTE/Device/RSL10/rsl10_sys_version.o
LOAD ./RTE/Device/RSL10/sbrk.o
LOAD ./RTE/Device/RSL10/start.o
LOAD ./RTE/Device/RSL10/startup_rsl10.o
LOAD ./RTE/Device/RSL10/stubprf.o
LOAD ./RTE/Device/RSL10/system_rsl10.o
LOAD ./RTE/Components/bhy.o
LOAD ./RTE/Components/bhy1_firmware.o
LOAD ./RTE/Components/bhy_uc_driver.o
LOAD ./RTE/Components/bme680.o
LOAD ./RTE/Components/noa1305.o
LOAD C:/Users/Nicu/AppData/Local/Arm/Packs/ONSemiconductor/BDK/1.19.0/source/firmware/Components/BSEC_1.4.7.1_Generic_Release_20180907/algo/bin/Normal_version/gcc/Cortex_M3/libalgobsec.a
LOAD C:/Users/Nicu/AppData/Local/Arm/Packs/ONSemiconductor/RSL10/3.6.465/lib/ble_core/Release/libblelib.a
LOAD C:/Users/Nicu/AppData/Local/Arm/Packs/ONSemiconductor/RSL10/3.6.465/lib/ble_core/Release/libkelib.a
LOAD C:/Users/Nicu/AppData/Local/Arm/Packs/ONSemiconductor/RSL10/3.6.465/lib/ble_profiles/Release/libbass.a
LOAD c:/program files (x86)/onsemi/ide_v4.1.2.79/arm_tools/bin/../lib/gcc/arm-none-eabi/10.2.1/../../../../arm-none-eabi/lib/thumb/v7-m/nofp\libm.a
END GROUP
START GROUP
LOAD c:/program files (x86)/onsemi/ide_v4.1.2.79/arm_tools/bin/../lib/gcc/arm-none-eabi/10.2.1/thumb/v7-m/nofp\libgcc.a
LOAD c:/program files (x86)/onsemi/ide_v4.1.2.79/arm_tools/bin/../lib/gcc/arm-none-eabi/10.2.1/../../../../arm-none-eabi/lib/thumb/v7-m/nofp\libg_nano.a
LOAD c:/program files (x86)/onsemi/ide_v4.1.2.79/arm_tools/bin/../lib/gcc/arm-none-eabi/10.2.1/../../../../arm-none-eabi/lib/thumb/v7-m/nofp\libc_nano.a
END GROUP
START GROUP
LOAD c:/program files (x86)/onsemi/ide_v4.1.2.79/arm_tools/bin/../lib/gcc/arm-none-eabi/10.2.1/thumb/v7-m/nofp\libgcc.a
LOAD c:/program files (x86)/onsemi/ide_v4.1.2.79/arm_tools/bin/../lib/gcc/arm-none-eabi/10.2.1/../../../../arm-none-eabi/lib/thumb/v7-m/nofp\libc_nano.a
LOAD c:/program files (x86)/onsemi/ide_v4.1.2.79/arm_tools/bin/../lib/gcc/arm-none-eabi/10.2.1/../../../../arm-none-eabi/lib/thumb/v7-m/nofp\libnosys.a
END GROUP
START GROUP
LOAD c:/program files (x86)/onsemi/ide_v4.1.2.79/arm_tools/bin/../lib/gcc/arm-none-eabi/10.2.1/thumb/v7-m/nofp\libgcc.a
LOAD c:/program files (x86)/onsemi/ide_v4.1.2.79/arm_tools/bin/../lib/gcc/arm-none-eabi/10.2.1/../../../../arm-none-eabi/lib/thumb/v7-m/nofp\libc_nano.a
LOAD c:/program files (x86)/onsemi/ide_v4.1.2.79/arm_tools/bin/../lib/gcc/arm-none-eabi/10.2.1/../../../../arm-none-eabi/lib/thumb/v7-m/nofp\libnosys.a
END GROUP
                0x20005fe8                __stack = (ORIGIN (DRAM) + LENGTH (DRAM))
                [!provide]                PROVIDE (__stack = __stack)
                0x00000400                __Main_Stack_Size = 0x400
                [!provide]                PROVIDE (_Main_Stack_Size = __Main_Stack_Size)
                0x20005be8                __Main_Stack_Limit = (__stack - __Main_Stack_Size)
                [!provide]                PROVIDE (_Main_Stack_Limit = __Main_Stack_Limit)
                0x00002000                __Heap_Size = 0x2000
                0x20006000                PROVIDE (__Heap_Begin__ = ORIGIN (DRAM_DSP))
                0x20008000                PROVIDE (__Heap_Limit__ = (ORIGIN (DRAM_DSP) + __Heap_Size))
                0xe000ed08                __VTOR = 0xe000ed08

.text           0x00100000    0x39e00
                0x00100000                . = ALIGN (0x4)
 *(.interrupt_vector)
 .interrupt_vector
                0x00100000      0x158 ./RTE/Device/RSL10/startup_rsl10.o
                0x00100000                ISR_Vector_Table
 *(.reset)
 .reset         0x00100158       0x18 ./RTE/Device/RSL10/startup_rsl10.o
                0x00100158                Reset_Handler
                0x00100170                . = ALIGN (0x4)
                0x00100170                PROVIDE (__preinit_array_start__ = .)
 *(.preinit_array_sysinit .preinit_array_sysinit.*)
 *(.preinit_array_platform .preinit_array_platform.*)
 *(.preinit_array .preinit_array.*)
                0x00100170                PROVIDE (__preinit_array_end__ = .)
                0x00100170                . = ALIGN (0x4)
                0x00100170                PROVIDE (__init_array_start__ = .)
 *(SORT_BY_NAME(.init_array.*))
 *(.init_array)
                0x00100170                PROVIDE (__init_array_end__ = .)
                0x00100170                . = ALIGN (0x4)
 *(.text .text.*)
 .text.CSN_SYS_RequestHandler
                0x00100170      0x118 ./src/ics/CS.o
 .text.CS_RegisterNode
                0x00100288       0x28 ./src/ics/CS.o
                0x00100288                CS_RegisterNode
 .text.CS_Init  0x001002b0       0x38 ./src/ics/CS.o
                0x001002b0                CS_Init
 .text.CS_ProcessRequest
                0x001002e8      0x100 ./src/ics/CS.o
                0x001002e8                CS_ProcessRequest
 .text.CS_PollNodes
                0x001003e8       0x24 ./src/ics/CS.o
                0x001003e8                CS_PollNodes
 .text.CS_InjectResponse
                0x0010040c       0x22 ./src/ics/CS.o
                0x0010040c                CS_InjectResponse
 *fill*         0x0010042e        0x2 
 .text.CS_SetPowerMode
                0x00100430       0x28 ./src/ics/CS.o
                0x00100430                CS_SetPowerMode
 .text.CS_PlatformReadHandler
                0x00100458       0x24 ./src/ics/CS_Platform_RSL10_HB.o
 .text.CS_PlatformInit
                0x0010047c       0x80 ./src/ics/CS_Platform_RSL10_HB.o
                0x0010047c                CS_PlatformInit
 .text.CS_PlatformWrite
                0x001004fc       0x10 ./src/ics/CS_Platform_RSL10_HB.o
                0x001004fc                CS_PlatformWrite
 .text.CS_PlatformTime
                0x0010050c        0x4 ./src/ics/CS_Platform_RSL10_HB.o
                0x0010050c                CS_PlatformTime
 .text._read    0x00100510        0x6 ./src/device/BDK.o
                0x00100510                _read
 .text.BDK_DefaultMsgHandler
                0x00100516        0x4 ./src/device/BDK_Task.o
 .text.BDK_TimerMsgHandler
                0x0010051a        0xe ./src/device/BDK_Task.o
 .text.BDK_TaskAddMsgHandler
                0x00100528       0x44 ./src/device/BDK_Task.o
                0x00100528                BDK_TaskAddMsgHandler
 .text.BDK_TaskInit
                0x0010056c       0x58 ./src/device/BDK_Task.o
                0x0010056c                BDK_TaskInit
 .text.BDK_TaskStart
                0x001005c4       0x34 ./src/device/BDK_Task.o
                0x001005c4                BDK_TaskStart
 .text.BDK_TaskSchedule
                0x001005f8       0x2c ./src/device/BDK_Task.o
                0x001005f8                BDK_TaskSchedule
 .text.EventCallback_Remove
                0x00100624       0x40 ./src/device/EventCallback.o
                0x00100624                EventCallback_Remove
 .text.EventCallback_Call
                0x00100664       0x24 ./src/device/EventCallback.o
                0x00100664                EventCallback_Call
 .text.HAL_Time
                0x00100688        0xc ./src/device/HAL.o
                0x00100688                HAL_Time
 .text.HAL_IsInterrupt
                0x00100694       0x14 ./src/device/HAL.o
                0x00100694                HAL_IsInterrupt
 .text.HAL_Delay
                0x001006a8       0x34 ./src/device/HAL.o
                0x001006a8                HAL_Delay
 .text.HAL_TICK_Init
                0x001006dc       0x44 ./src/device/HAL.o
                0x001006dc                HAL_TICK_Init
 .text.TIMER0_IRQHandler
                0x00100720       0x10 ./src/device/HAL.o
                0x00100720                TIMER0_IRQHandler
 .text.HAL_I2C_WaitForTransfer
                0x00100730       0x3c ./src/device/HAL_I2C.o
 .text.HAL_I2C_Init
                0x0010076c       0x78 ./src/device/HAL_I2C.o
                0x0010076c                HAL_I2C_Init
 .text.HAL_I2C_DeInit
                0x001007e4       0x40 ./src/device/HAL_I2C.o
                0x001007e4                HAL_I2C_DeInit
 .text.HAL_I2C_DriverCallback
                0x00100824       0x30 ./src/device/HAL_I2C.o
 .text.HAL_I2C_SetBusSpeed
                0x00100854       0x54 ./src/device/HAL_I2C.o
                0x00100854                HAL_I2C_SetBusSpeed
 .text.HAL_I2C_ReadAsync
                0x001008a8       0x5c ./src/device/HAL_I2C.o
                0x001008a8                HAL_I2C_ReadAsync
 .text.HAL_I2C_Read
                0x00100904       0x50 ./src/device/HAL_I2C.o
                0x00100904                HAL_I2C_Read
 .text.HAL_I2C_WriteAsync
                0x00100954       0x5c ./src/device/HAL_I2C.o
                0x00100954                HAL_I2C_WriteAsync
 .text.HAL_I2C_Write
                0x001009b0       0x50 ./src/device/HAL_I2C.o
                0x001009b0                HAL_I2C_Write
 .text.HAL_UART_DriverCallback
                0x00100a00       0x5c ./src/device/HAL_UART.o
 .text.HAL_UART_Init
                0x00100a5c       0x6c ./src/device/HAL_UART.o
                0x00100a5c                HAL_UART_Init
 .text.HAL_UART_DeInit
                0x00100ac8       0x40 ./src/device/HAL_UART.o
                0x00100ac8                HAL_UART_DeInit
 .text.HAL_UART_IsBusy
                0x00100b08       0x24 ./src/device/HAL_UART.o
                0x00100b08                HAL_UART_IsBusy
 .text.HAL_UART_SetBaudRate
                0x00100b2c       0x30 ./src/device/HAL_UART.o
                0x00100b2c                HAL_UART_SetBaudRate
 .text.HAL_UART_Send
                0x00100b5c       0x78 ./src/device/HAL_UART.o
                0x00100b5c                HAL_UART_Send
 .text.HAL_Failed
                0x00100bd4       0x54 ./src/device/HAL_error.o
                0x00100bd4                HAL_Failed
 .text.Sys_GPIO_Set_High
                0x00100c28       0x1e ./src/device/I2C_RSLxx.o
 .text.Sys_GPIO_Set_Low
                0x00100c46       0x1e ./src/device/I2C_RSLxx.o
 .text.I2Cx_GetVersion
                0x00100c64       0x20 ./src/device/I2C_RSLxx.o
 .text.I2Cx_GetCapabilities
                0x00100c84        0x4 ./src/device/I2C_RSLxx.o
 .text.I2C0_GetDataCount
                0x00100c88        0xc ./src/device/I2C_RSLxx.o
 .text.I2C0_GetStatus
                0x00100c94        0xc ./src/device/I2C_RSLxx.o
 .text.__NVIC_EnableIRQ
                0x00100ca0       0x1c ./src/device/I2C_RSLxx.o
 .text.__NVIC_DisableIRQ
                0x00100cbc       0x28 ./src/device/I2C_RSLxx.o
 .text.__NVIC_ClearPendingIRQ
                0x00100ce4       0x20 ./src/device/I2C_RSLxx.o
 .text.Sys_Delay_ProgramROM
                0x00100d04        0xe ./src/device/I2C_RSLxx.o
 *fill*         0x00100d12        0x2 
 .text.I2C0_Control
                0x00100d14      0x218 ./src/device/I2C_RSLxx.o
 .text.I2C0_SlaveReceive
                0x00100f2c       0x6c ./src/device/I2C_RSLxx.o
 .text.I2C0_SlaveTransmit
                0x00100f98       0x6c ./src/device/I2C_RSLxx.o
 .text.I2C0_MasterReceive
                0x00101004       0x88 ./src/device/I2C_RSLxx.o
 .text.I2C0_MasterTransmit
                0x0010108c       0x84 ./src/device/I2C_RSLxx.o
 .text.I2C0_PowerControl
                0x00101110       0x74 ./src/device/I2C_RSLxx.o
 .text.I2C0_Uninitialize
                0x00101184       0x20 ./src/device/I2C_RSLxx.o
 .text.I2C0_Initialize
                0x001011a4       0x38 ./src/device/I2C_RSLxx.o
 .text.I2C_IRQHandler
                0x001011dc      0x1a0 ./src/device/I2C_RSLxx.o
                0x001011dc                I2C_IRQHandler
 .text.TIMER1_IRQHandler
                0x0010137c       0x54 ./src/device/SoftwareTimer.o
                0x0010137c                TIMER1_IRQHandler
 .text.USARTx_GetVersion
                0x001013d0       0x20 ./src/device/USART_RSLxx.o
 .text.USART0_GetCapabilities
                0x001013f0        0xc ./src/device/USART_RSLxx.o
 .text.USART0_Transfer
                0x001013fc        0x6 ./src/device/USART_RSLxx.o
 *fill*         0x00101402        0x2 
 .text.USART0_GetTxCount
                0x00101404        0xc ./src/device/USART_RSLxx.o
 .text.USART0_GetRxCount
                0x00101410        0xc ./src/device/USART_RSLxx.o
 .text.USART0_SetModemControl
                0x0010141c        0x6 ./src/device/USART_RSLxx.o
 *fill*         0x00101422        0x2 
 .text.__NVIC_DisableIRQ
                0x00101424       0x28 ./src/device/USART_RSLxx.o
 .text.__NVIC_ClearPendingIRQ
                0x0010144c       0x20 ./src/device/USART_RSLxx.o
 .text.USART0_GetModemStatus
                0x0010146c       0x28 ./src/device/USART_RSLxx.o
 .text.USART0_GetStatus
                0x00101494       0x4c ./src/device/USART_RSLxx.o
 .text.USART0_Receive
                0x001014e0       0x54 ./src/device/USART_RSLxx.o
 .text.USART0_Control
                0x00101534       0xa4 ./src/device/USART_RSLxx.o
 .text.USART0_PowerControl
                0x001015d8       0x60 ./src/device/USART_RSLxx.o
 .text.USART0_Uninitialize
                0x00101638       0x20 ./src/device/USART_RSLxx.o
 .text.USART0_Initialize
                0x00101658       0x3c ./src/device/USART_RSLxx.o
 .text.USART0_Send
                0x00101694       0x5c ./src/device/USART_RSLxx.o
 .text.UART_TX_IRQHandler
                0x001016f0       0x44 ./src/device/USART_RSLxx.o
                0x001016f0                UART_TX_IRQHandler
 .text.UART_RX_IRQHandler
                0x00101734       0x4c ./src/device/USART_RSLxx.o
                0x00101734                UART_RX_IRQHandler
 .text._tm_mask_lt
                0x00101780       0x14 ./src/device/stimer.o
 .text._tm_mask_eq
                0x00101794        0xc ./src/device/stimer.o
 .text._tm_mask_diff
                0x001017a0       0x20 ./src/device/stimer.o
 .text._tm_mask_offset
                0x001017c0        0x6 ./src/device/stimer.o
 .text._tm_nm_lt
                0x001017c6       0x26 ./src/device/stimer.o
 .text._tm_nm_eq
                0x001017ec       0x28 ./src/device/stimer.o
 .text.start_and_checkpoint_timer
                0x00101814       0x1a ./src/device/stimer.o
 .text._tm_nm_diff
                0x0010182e       0x2c ./src/device/stimer.o
 .text._tm_nm_offset
                0x0010185a       0x20 ./src/device/stimer.o
 *fill*         0x0010187a        0x2 
 .text.tm_initialize
                0x0010187c       0x5c ./src/device/stimer.o
 .text.checkpoint_timer.part.0
                0x001018d8       0x78 ./src/device/stimer.o
 .text.checkpoint_timer_2
                0x00101950       0x24 ./src/device/stimer.o
 .text.stimer_init_context
                0x00101974       0x20 ./src/device/stimer.o
                0x00101974                stimer_init_context
 .text.stimer_execute_context
                0x00101994       0x28 ./src/device/stimer.o
                0x00101994                stimer_execute_context
 .text.stimer_init
                0x001019bc       0x1c ./src/device/stimer.o
                0x001019bc                stimer_init
 .text.stimer_start
                0x001019d8        0xc ./src/device/stimer.o
                0x001019d8                stimer_start
 .text.stimer_stop
                0x001019e4       0x18 ./src/device/stimer.o
                0x001019e4                stimer_stop
 .text.stimer_get_elapsed_time
                0x001019fc       0x1c ./src/device/stimer.o
                0x001019fc                stimer_get_elapsed_time
 .text.stimer_expire_from_now_s
                0x00101a18       0x18 ./src/device/stimer.o
                0x00101a18                stimer_expire_from_now_s
 .text.stimer_expire_from_now_ms
                0x00101a30       0x2c ./src/device/stimer.o
                0x00101a30                stimer_expire_from_now_ms
 .text.stimer_expire_from_now_us
                0x00101a5c       0x2c ./src/device/stimer.o
                0x00101a5c                stimer_expire_from_now_us
 .text.stimer_expire_from_now_ns
                0x00101a88       0x24 ./src/device/stimer.o
                0x00101a88                stimer_expire_from_now_ns
 .text.stimer_is_expired
                0x00101aac       0x2e ./src/device/stimer.o
                0x00101aac                stimer_is_expired
 *fill*         0x00101ada        0x2 
 .text.stimer_advance
                0x00101adc       0x50 ./src/device/stimer.o
                0x00101adc                stimer_advance
 .text._app_write_hook
                0x00101b2c        0x6 ./src/device/syscalls_hal_uart.o
                0x00101b2c                _app_write_hook
 .text._write   0x00101b32       0x2c ./src/device/syscalls_hal_uart.o
                0x00101b32                _write
 *fill*         0x00101b5e        0x2 
 .text.BHI160_NDOF_FifoRoutine
                0x00101b60       0xa8 ./src/bsp/BHI160_NDOF.o
 .text.BHI160_NDOF_TimestampCallback
                0x00101c08        0xc ./src/bsp/BHI160_NDOF.o
 .text.BHI160_NDOF_DynamicRangeCallback
                0x00101c14       0x50 ./src/bsp/BHI160_NDOF.o
 .text.DIO3_IRQHandler
                0x00101c64        0xc ./src/bsp/BHI160_NDOF.o
                0x00101c64                DIO3_IRQHandler
 .text.BHI160_NDOF_Initialize
                0x00101c70       0xc8 ./src/bsp/BHI160_NDOF.o
                0x00101c70                BHI160_NDOF_Initialize
 .text.BHI160_NDOF_PadRestore
                0x00101d38       0x24 ./src/bsp/BHI160_NDOF.o
                0x00101d38                BHI160_NDOF_PadRestore
 .text.BHI160_NDOF_SetPowerMode
                0x00101d5c       0x3a ./src/bsp/BHI160_NDOF.o
                0x00101d5c                BHI160_NDOF_SetPowerMode
 *fill*         0x00101d96        0x2 
 .text.BHI160_NDOF_GetAccelDynamicRange
                0x00101d98        0xc ./src/bsp/BHI160_NDOF.o
                0x00101d98                BHI160_NDOF_GetAccelDynamicRange
 .text.BHI160_NDOF_GetGyroDynamicRange
                0x00101da4        0xc ./src/bsp/BHI160_NDOF.o
                0x00101da4                BHI160_NDOF_GetGyroDynamicRange
 .text.BHI160_NDOF_GetMagDynamicRange
                0x00101db0        0xc ./src/bsp/BHI160_NDOF.o
                0x00101db0                BHI160_NDOF_GetMagDynamicRange
 .text.BSEC_ENV_I2C_Read
                0x00101dbc       0x30 ./src/bsp/BSEC_ENV.o
 .text.BSEC_ENV_I2C_Write
                0x00101dec       0x46 ./src/bsp/BSEC_ENV.o
 *fill*         0x00101e32        0x2 
 .text.BSEC_ENV_Initialize
                0x00101e34       0xec ./src/bsp/BSEC_ENV.o
                0x00101e34                BSEC_ENV_Initialize
 .text.BSEC_ENV_Process
                0x00101f20      0x3fc ./src/bsp/BSEC_ENV.o
                0x00101f20                BSEC_ENV_Process
 .text.I2CEeprom_Initialize
                0x0010231c       0x10 ./src/bsp/I2CEeprom.o
                0x0010231c                I2CEeprom_Initialize
 .text.NOA1305_ALS_InteruptEventTask
                0x0010232c       0x3c ./src/bsp/NOA1305_ALS.o
 .text.DIO2_IRQHandler
                0x00102368       0x18 ./src/bsp/NOA1305_ALS.o
                0x00102368                DIO2_IRQHandler
 .text.sensor_i2c_read
                0x00102380       0x30 ./src/bsp/bhy_support.o
 .text.sensor_i2c_write
                0x001023b0       0x46 ./src/bsp/bhy_support.o
 .text.bhy_delay_msec
                0x001023f6        0x4 ./src/bsp/bhy_support.o
                0x001023f6                bhy_delay_msec
 *fill*         0x001023fa        0x2 
 .text.bhy_initialize_support
                0x001023fc       0x58 ./src/bsp/bhy_support.o
                0x001023fc                bhy_initialize_support
 .text.bhy_printf
                0x00102454        0xc ./src/bsp/bhy_support.o
                0x00102454                bhy_printf
 .text.DIO0_IRQHandler
                0x00102460        0x6 ./src/bsp/button_api.o
                0x00102460                DIO0_IRQHandler
 .text.DIO1_IRQHandler
                0x00102466        0x6 ./src/bsp/button_api.o
                0x00102466                DIO1_IRQHandler
 .text.BTN_Initialize
                0x0010246c       0x40 ./src/bsp/button_api.o
                0x0010246c                BTN_Initialize
 .text.BTN_Read
                0x001024ac       0x2c ./src/bsp/button_api.o
                0x001024ac                BTN_Read
 .text.LED_Initialize
                0x001024d8       0x10 ./src/bsp/led_api.o
                0x001024d8                LED_Initialize
 .text.LED_On   0x001024e8       0x1e ./src/bsp/led_api.o
                0x001024e8                LED_On
 .text.LED_Off  0x00102506       0x1e ./src/bsp/led_api.o
                0x00102506                LED_Off
 .text.BLE_ICS_Enable
                0x00102524       0x14 ./src/ble/BLE_ICS.o
 .text.BLE_ICS_GATTC_CmpEvt
                0x00102538        0x4 ./src/ble/BLE_ICS.o
 .text.BLE_ICS_ServiceAdd
                0x0010253c       0x90 ./src/ble/BLE_ICS.o
 .text.BLE_ICS_GATTC_AttInfoReqInd
                0x001025cc       0x4c ./src/ble/BLE_ICS.o
 .text.BLE_ICS_GATTC_WriteReqInd
                0x00102618       0xd0 ./src/ble/BLE_ICS.o
 .text.BLE_ICS_GATTC_ReadReqInd
                0x001026e8       0xc4 ./src/ble/BLE_ICS.o
 .text.BLE_ICS_GATTM_AddSvcRsp
                0x001027ac       0x34 ./src/ble/BLE_ICS.o
 .text.BLE_ICS_Initialize
                0x001027e0       0x80 ./src/ble/BLE_ICS.o
                0x001027e0                BLE_ICS_Initialize
 .text.BLE_ICS_Notify
                0x00102860       0x80 ./src/ble/BLE_ICS.o
                0x00102860                BLE_ICS_Notify
 .text.GAPC_ParamUpdatedInd
                0x001028e0        0x4 ./src/ble/BLE_PeripheralServer.o
 .text.BDK_BLE_ServiceAdd
                0x001028e4       0x30 ./src/ble/BLE_PeripheralServer.o
 .text.GAPC_GetDevInfoReqInd
                0x00102914       0x5c ./src/ble/BLE_PeripheralServer.o
 .text.GAPC_CmpEvt
                0x00102970       0x1c ./src/ble/BLE_PeripheralServer.o
 .text.GAPC_ParamUpdateReqInd
                0x0010298c       0x38 ./src/ble/BLE_PeripheralServer.o
 .text.BDK_BLE_SetLocalName
                0x001029c4       0x34 ./src/ble/BLE_PeripheralServer.o
                0x001029c4                BDK_BLE_SetLocalName
 .text.BDK_BLE_Initialize
                0x001029f8      0x194 ./src/ble/BLE_PeripheralServer.o
                0x001029f8                BDK_BLE_Initialize
 .text.BDK_BLE_SetManufSpecificData
                0x00102b8c       0x30 ./src/ble/BLE_PeripheralServer.o
                0x00102b8c                BDK_BLE_SetManufSpecificData
 .text.BDK_BLE_SetAdvertisementInterval
                0x00102bbc       0x20 ./src/ble/BLE_PeripheralServer.o
                0x00102bbc                BDK_BLE_SetAdvertisementInterval
 .text.BDK_BLE_AddService
                0x00102bdc       0x34 ./src/ble/BLE_PeripheralServer.o
                0x00102bdc                BDK_BLE_AddService
 .text.Device_Param_Prepare
                0x00102c10       0x18 ./src/ble/BLE_PeripheralServer.o
                0x00102c10                Device_Param_Prepare
 .text.BDK_BLE_AdvertisingStart
                0x00102c28       0xc4 ./src/ble/BLE_PeripheralServer.o
                0x00102c28                BDK_BLE_AdvertisingStart
 .text.GAPC_ConnectionReqInd
                0x00102cec       0x70 ./src/ble/BLE_PeripheralServer.o
 .text.GAPM_CmpEvt
                0x00102d5c       0x98 ./src/ble/BLE_PeripheralServer.o
 .text.BDK_BLE_ProfileAddedInd
                0x00102df4       0x24 ./src/ble/BLE_PeripheralServer.o
                0x00102df4                BDK_BLE_ProfileAddedInd
 .text.GAPM_ProfileAddedInd
                0x00102e18        0xa ./src/ble/BLE_PeripheralServer.o
 *fill*         0x00102e22        0x2 
 .text.GAPC_DisconnectInd
                0x00102e24       0x24 ./src/ble/BLE_PeripheralServer.o
 .text.BDK_BLE_AdvertisingStop
                0x00102e48       0x2c ./src/ble/BLE_PeripheralServer.o
                0x00102e48                BDK_BLE_AdvertisingStop
 .text.BDK_BLE_GetConIdx
                0x00102e74       0x18 ./src/ble/BLE_PeripheralServer.o
                0x00102e74                BDK_BLE_GetConIdx
 .text.CSN_ALS_PowerModeHandler
                0x00102e8c       0x38 ./src/CSN_LP_ALS.o
 .text.NOA1305_ALS_BusWrite
                0x00102ec4       0x20 ./src/CSN_LP_ALS.o
 .text.NOA1305_ALS_BusRead
                0x00102ee4       0x32 ./src/CSN_LP_ALS.o
 *fill*         0x00102f16        0x2 
 .text.CSN_ALS_PollHandler
                0x00102f18       0x50 ./src/CSN_LP_ALS.o
 .text.CSN_ALS_RequestHandler
                0x00102f68       0x94 ./src/CSN_LP_ALS.o
 .text.CSN_LP_ALS_Create
                0x00102ffc       0x68 ./src/CSN_LP_ALS.o
                0x00102ffc                CSN_LP_ALS_Create
 .text.CSN_LP_AO_PollHandler
                0x00103064        0x2 ./src/CSN_LP_AO.o
 *fill*         0x00103066        0x2 
 .text.CSN_AO_C_PropHandler
                0x00103068       0x34 ./src/CSN_LP_AO.o
 .text.CSN_AO_ARZ_PropHandler
                0x0010309c       0x4c ./src/CSN_LP_AO.o
 .text.CSN_AO_ARY_PropHandler
                0x001030e8       0x4c ./src/CSN_LP_AO.o
 .text.CSN_AO_ARX_PropHandler
                0x00103134       0x4c ./src/CSN_LP_AO.o
 .text.CSN_AO_R_PropHandler
                0x00103180       0x40 ./src/CSN_LP_AO.o
 .text.CSN_AO_P_PropHandler
                0x001031c0       0x40 ./src/CSN_LP_AO.o
 .text.CSN_AO_H_PropHandler
                0x00103200       0x40 ./src/CSN_LP_AO.o
 .text.CSN_AO_AR_PropHandler
                0x00103240       0x94 ./src/CSN_LP_AO.o
 .text.CSN_AO_O_PropHandler
                0x001032d4       0x90 ./src/CSN_LP_AO.o
 .text.CSN_AO_MZ_PropHandler
                0x00103364       0x4c ./src/CSN_LP_AO.o
 .text.CSN_AO_MY_PropHandler
                0x001033b0       0x4c ./src/CSN_LP_AO.o
 .text.CSN_AO_MX_PropHandler
                0x001033fc       0x4c ./src/CSN_LP_AO.o
 .text.CSN_AO_M_PropHandler
                0x00103448       0x94 ./src/CSN_LP_AO.o
 .text.CSN_AO_AZ_PropHandler
                0x001034dc       0x58 ./src/CSN_LP_AO.o
 .text.CSN_AO_AY_PropHandler
                0x00103534       0x58 ./src/CSN_LP_AO.o
 .text.CSN_AO_AX_PropHandler
                0x0010358c       0x58 ./src/CSN_LP_AO.o
 .text.CSN_AO_GZ_PropHandler
                0x001035e4       0x58 ./src/CSN_LP_AO.o
 .text.CSN_AO_GY_PropHandler
                0x0010363c       0x58 ./src/CSN_LP_AO.o
 .text.CSN_AO_GX_PropHandler
                0x00103694       0x58 ./src/CSN_LP_AO.o
 .text.CSN_AO_A_PropHandler
                0x001036ec       0xac ./src/CSN_LP_AO.o
 .text.CSN_AO_G_PropHandler
                0x00103798       0xac ./src/CSN_LP_AO.o
 .text.CSN_AO_SensorCallback
                0x00103844       0x5c ./src/CSN_LP_AO.o
 .text.CSN_LP_AO_PowerModeHandler
                0x001038a0       0xb8 ./src/CSN_LP_AO.o
 .text.CSN_LP_AO_RequestHandler
                0x00103958       0xe4 ./src/CSN_LP_AO.o
 .text.CSN_LP_AO_Create
                0x00103a3c       0x58 ./src/CSN_LP_AO.o
                0x00103a3c                CSN_LP_AO_Create
 .text.CSN_LP_ENV_PowerModeHandler
                0x00103a94        0x4 ./src/CSN_LP_ENV.o
 .text.CSN_BsecGetTimestampUs
                0x00103a98       0x2c ./src/CSN_LP_ENV.o
 .text.CSN_BsecOutputReady
                0x00103ac4       0x20 ./src/CSN_LP_ENV.o
 .text.CSN_ENV_A_PropHandler
                0x00103ae4       0x24 ./src/CSN_LP_ENV.o
 .text.CSN_ENV_H_PropHandler
                0x00103b08       0x24 ./src/CSN_LP_ENV.o
 .text.CSN_ENV_PP_PropHandler
                0x00103b2c       0x30 ./src/CSN_LP_ENV.o
 .text.CSN_ENV_P_PropHandler
                0x00103b5c       0x30 ./src/CSN_LP_ENV.o
 .text.CSN_ENV_TF_PropHandler
                0x00103b8c       0x38 ./src/CSN_LP_ENV.o
 .text.CSN_ENV_T_PropHandler
                0x00103bc4       0x24 ./src/CSN_LP_ENV.o
 .text.CSN_ENV_DI_PropHandler
                0x00103be8       0x74 ./src/CSN_LP_ENV.o
 .text.CSN_ENV_D_PropHandler
                0x00103c5c       0x5c ./src/CSN_LP_ENV.o
 .text.CSN_BsecSleep
                0x00103cb8        0x4 ./src/CSN_LP_ENV.o
 .text.CSN_LP_ENV_PollHandler
                0x00103cbc       0x38 ./src/CSN_LP_ENV.o
 .text.CSN_ENV_RequestHandler
                0x00103cf4       0xbc ./src/CSN_LP_ENV.o
 .text.CSN_LP_ENV_Create
                0x00103db0       0x94 ./src/CSN_LP_ENV.o
                0x00103db0                CSN_LP_ENV_Create
 .text.HAL_RTC_ReadCount
                0x00103e44       0x14 ./src/HAL_RTC.o
                0x00103e44                HAL_RTC_ReadCount
 .text.HAL_RTC_Initialize
                0x00103e58       0x60 ./src/HAL_RTC.o
                0x00103e58                HAL_RTC_Initialize
 .text.HAL_RTC_Wakeup
                0x00103eb8       0x64 ./src/HAL_RTC.o
                0x00103eb8                HAL_RTC_Wakeup
 .text.HAL_RTC_GetTime
                0x00103f1c       0x5c ./src/HAL_RTC.o
                0x00103f1c                HAL_RTC_GetTime
 .text.HAL_RTC_SetAlarmTicks
                0x00103f78       0x70 ./src/HAL_RTC.o
                0x00103f78                HAL_RTC_SetAlarmTicks
 .text.RTC_ALARM_IRQHandler
                0x00103fe8       0x30 ./src/HAL_RTC.o
                0x00103fe8                RTC_ALARM_IRQHandler
 .text.mbedtls_aes_init
                0x00104018        0xa ./src/aes.o
                0x00104018                mbedtls_aes_init
 .text.mbedtls_aes_free
                0x00104022        0xe ./src/aes.o
                0x00104022                mbedtls_aes_free
 .text.mbedtls_aes_setkey_enc
                0x00104030      0x1ac ./src/aes.o
                0x00104030                mbedtls_aes_setkey_enc
 .text.mbedtls_internal_aes_encrypt
                0x001041dc      0x2bc ./src/aes.o
                0x001041dc                mbedtls_internal_aes_encrypt
 .text.mbedtls_internal_aes_decrypt
                0x00104498      0x2c0 ./src/aes.o
                0x00104498                mbedtls_internal_aes_decrypt
 .text.mbedtls_aes_crypt_ecb
                0x00104758       0x18 ./src/aes.o
                0x00104758                mbedtls_aes_crypt_ecb
 .text.Main_Loop
                0x00104770       0xd4 ./src/app.o
                0x00104770                Main_Loop
 .text.startup.main
                0x00104844       0x1c ./src/app.o
                0x00104844                main
 .text.App_PeerDeviceConnected
                0x00104860        0xc ./src/app_ble_hooks.o
                0x00104860                App_PeerDeviceConnected
 .text.App_PeerDeviceDisconnected
                0x0010486c       0x14 ./src/app_ble_hooks.o
                0x0010486c                App_PeerDeviceDisconnected
 .text.ConfigureSystemClocks
                0x00104880       0x64 ./src/app_init.o
 .text.Device_Initialize_WakeUp
                0x001048e4       0x94 ./src/app_init.o
                0x001048e4                Device_Initialize_WakeUp
 .text.BLE_Initialize
                0x00104978       0x28 ./src/app_init.o
                0x00104978                BLE_Initialize
 .text.App_Env_Initialize
                0x001049a0       0x48 ./src/app_init.o
                0x001049a0                App_Env_Initialize
 .text.Device_Initialize
                0x001049e8       0xf4 ./src/app_init.o
                0x001049e8                Device_Initialize
 .text.Sleep_Mode_Configure
                0x00104adc       0x6c ./src/app_sleep.o
                0x00104adc                Sleep_Mode_Configure
 .text.Timer_Initialize
                0x00104b48       0x28 ./src/app_timer.o
                0x00104b48                Timer_Initialize
 .text.Timer_Wakeup
                0x00104b70        0x4 ./src/app_timer.o
                0x00104b70                Timer_Wakeup
 .text.Timer_SetWakeupAtNextEvent
                0x00104b74       0x90 ./src/app_timer.o
                0x00104b74                Timer_SetWakeupAtNextEvent
 .text.trace_init
                0x00104c04       0x12 ./src/app_trace.o
                0x00104c04                trace_init
 .text.trace_deinit
                0x00104c16        0x4 ./src/app_trace.o
                0x00104c16                trace_deinit
 *fill*         0x00104c1a        0x2 
 .text.assert_error
                0x00104c1c       0x14 ./src/app_trace.o
                0x00104c1c                assert_error
 .text.Load_Trim_Values_And_Calibrate_MANU_CALIB
                0x00104c30       0x2c ./src/calibration.o
                0x00104c30                Load_Trim_Values_And_Calibrate_MANU_CALIB
 .text.Load_Tx_Power_Value
                0x00104c5c        0x4 ./src/calibration.o
                0x00104c5c                Load_Tx_Power_Value
 .text.Device_Param_Read
                0x00104c60      0x234 ./RTE/Device/RSL10/rsl10_protocol.o
                0x00104c60                Device_Param_Read
 .text.BLE_DeviceParam_Set_ADV_IFS
                0x00104e94        0xc ./RTE/Device/RSL10/rsl10_protocol.o
                0x00104e94                BLE_DeviceParam_Set_ADV_IFS
 .text.BLE_DeviceParam_Set_ClockAccuracy
                0x00104ea0       0x14 ./RTE/Device/RSL10/rsl10_protocol.o
                0x00104ea0                BLE_DeviceParam_Set_ClockAccuracy
 .text.BLE_DeviceParam_Set_MaxRxOctet
                0x00104eb4       0x2c ./RTE/Device/RSL10/rsl10_protocol.o
                0x00104eb4                BLE_DeviceParam_Set_MaxRxOctet
 .text.BLE_DeviceParam_Set_AdvDelay
                0x00104ee0       0x10 ./RTE/Device/RSL10/rsl10_protocol.o
                0x00104ee0                BLE_DeviceParam_Set_AdvDelay
 .text.BLE_DeviceParam_Set_SlaveLatencyDelay
                0x00104ef0        0xc ./RTE/Device/RSL10/rsl10_protocol.o
                0x00104ef0                BLE_DeviceParam_Set_SlaveLatencyDelay
 .text.Sys_Clocks_OscRCCalibratedConfig
                0x00104efc       0x80 ./RTE/Device/RSL10/rsl10_sys_clocks.o
                0x00104efc                Sys_Clocks_OscRCCalibratedConfig
 .text.Sys_DMA_ChannelConfig
                0x00104f7c       0x2e ./RTE/Device/RSL10/rsl10_sys_dma.o
                0x00104f7c                Sys_DMA_ChannelConfig
 .text.Sys_GetTrim
                0x00104faa        0x6 ./RTE/Device/RSL10/rsl10_sys_power.o
 .text.Sys_Power_VDDRFCalibratedConfig
                0x00104fb0       0x44 ./RTE/Device/RSL10/rsl10_sys_power.o
                0x00104fb0                Sys_Power_VDDRFCalibratedConfig
 .text.Sys_Power_VDDCCalibratedConfig
                0x00104ff4       0x30 ./RTE/Device/RSL10/rsl10_sys_power.o
                0x00104ff4                Sys_Power_VDDCCalibratedConfig
 .text.Sys_Power_VDDMCalibratedConfig
                0x00105024       0x30 ./RTE/Device/RSL10/rsl10_sys_power.o
                0x00105024                Sys_Power_VDDMCalibratedConfig
 .text.Sys_Power_DCDCCalibratedConfig
                0x00105054       0x44 ./RTE/Device/RSL10/rsl10_sys_power.o
                0x00105054                Sys_Power_DCDCCalibratedConfig
 .text.Sys_PowerModes_Sleep_Init_2Mbps
                0x00105098      0x118 ./RTE/Device/RSL10/rsl10_sys_power_modes.o
                0x00105098                Sys_PowerModes_Sleep_Init_2Mbps
 .text.Sys_PowerModes_Standby
                0x001051b0       0x8c ./RTE/Device/RSL10/rsl10_sys_power_modes.o
                0x001051b0                Sys_PowerModes_Standby
 .text.Sys_GetTrim
                0x0010523c        0x6 ./RTE/Device/RSL10/rsl10_sys_rffe.o
 *fill*         0x00105242        0x2 
 .text.Sys_RFFE_Interpolate
                0x00105244       0xd4 ./RTE/Device/RSL10/rsl10_sys_rffe.o
                0x00105244                Sys_RFFE_Interpolate
 .text.Sys_RFFE_SetTXPower
                0x00105318      0x258 ./RTE/Device/RSL10/rsl10_sys_rffe.o
                0x00105318                Sys_RFFE_SetTXPower
 .text.Sys_Timers_Start
                0x00105570       0x54 ./RTE/Device/RSL10/rsl10_sys_timers.o
                0x00105570                Sys_Timers_Start
 .text.Sys_UART_Enable
                0x001055c4       0x58 ./RTE/Device/RSL10/rsl10_sys_uart.o
                0x001055c4                Sys_UART_Enable
 .text._sbrk    0x0010561c       0x54 ./RTE/Device/RSL10/sbrk.o
                0x0010561c                _sbrk
 .text._start   0x00105670      0x1c0 ./RTE/Device/RSL10/start.o
                0x00105670                _start
 .text          0x00105830       0x14 ./RTE/Device/RSL10/startup_rsl10.o
                0x00105830                NMI_Handler
                0x00105832                HardFault_Handler
                0x00105834                MemManage_Handler
                0x00105836                BusFault_Handler
                0x00105838                UsageFault_Handler
                0x0010583a                SVC_Handler
                0x0010583c                DebugMon_Handler
                0x0010583e                PendSV_Handler
                0x00105840                SysTick_Handler
                0x00105842                DSP7_IRQHandler
                0x00105842                BLE_COEX_RX_TX_IRQHandler
                0x00105842                DMA2_IRQHandler
                0x00105842                DSP2_IRQHandler
                0x00105842                MEMORY_ERROR_IRQHandler
                0x00105842                TIMER3_IRQHandler
                0x00105842                WATCHDOG_IRQHandler
                0x00105842                UART_ERROR_IRQHandler
                0x00105842                DSP3_IRQHandler
                0x00105842                FLASH_COPY_IRQHandler
                0x00105842                RF_TXFIFO_IRQHandler
                0x00105842                SPI0_ERROR_IRQHandler
                0x00105842                BLE_COEX_IN_PROCESS_IRQHandler
                0x00105842                DMA5_IRQHandler
                0x00105842                ASRC_IN_IRQHandler
                0x00105842                DMIC_OD_ERROR_IRQHandler
                0x00105842                PCM_TX_IRQHandler
                0x00105842                DSP0_IRQHandler
                0x00105842                SPI0_TX_IRQHandler
                0x00105842                Default_Handler
                0x00105842                DMIC_OUT_OD_IN_IRQHandler
                0x00105842                ADC_BATMON_IRQHandler
                0x00105842                DMA7_IRQHandler
                0x00105842                PCM_RX_IRQHandler
                0x00105842                RF_TX_IRQHandler
                0x00105842                SPI0_RX_IRQHandler
                0x00105842                ASRC_ERROR_IRQHandler
                0x00105842                RF_RXSTOP_IRQHandler
                0x00105842                DSP1_IRQHandler
                0x00105842                AUDIOSINK_PHASE_IRQHandler
                0x00105842                WAKEUP_IRQHandler
                0x00105842                RF_SYNC_IRQHandler
                0x00105842                SPI1_RX_IRQHandler
                0x00105842                CLKDET_IRQHandler
                0x00105842                DSP6_IRQHandler
                0x00105842                TIMER2_IRQHandler
                0x00105842                AUDIOSINK_PERIOD_IRQHandler
                0x00105842                SPI1_ERROR_IRQHandler
                0x00105842                DMA3_IRQHandler
                0x00105842                RTC_CLOCK_IRQHandler
                0x00105842                DMA0_IRQHandler
                0x00105842                ASRC_OUT_IRQHandler
                0x00105842                PCM_ERROR_IRQHandler
                0x00105842                DSP5_IRQHandler
                0x00105842                DMA4_IRQHandler
                0x00105842                FLASH_ECC_IRQHandler
                0x00105842                SPI1_TX_IRQHandler
                0x00105842                RF_IRQ_RECEIVED_IRQHandler
                0x00105842                DSP4_IRQHandler
                0x00105842                DMA6_IRQHandler
                0x00105842                RF_RXFIFO_IRQHandler
                0x00105842                DMA1_IRQHandler
 .text.htpt_prf_itf_get
                0x00105844        0x4 ./RTE/Device/RSL10/stubprf.o
                0x00105844                htpt_prf_itf_get
 .text.htpc_prf_itf_get
                0x00105848        0x4 ./RTE/Device/RSL10/stubprf.o
                0x00105848                htpc_prf_itf_get
 .text.diss_prf_itf_get
                0x0010584c        0x4 ./RTE/Device/RSL10/stubprf.o
                0x0010584c                diss_prf_itf_get
 .text.disc_prf_itf_get
                0x00105850        0x4 ./RTE/Device/RSL10/stubprf.o
                0x00105850                disc_prf_itf_get
 .text.blps_prf_itf_get
                0x00105854        0x4 ./RTE/Device/RSL10/stubprf.o
                0x00105854                blps_prf_itf_get
 .text.blpc_prf_itf_get
                0x00105858        0x4 ./RTE/Device/RSL10/stubprf.o
                0x00105858                blpc_prf_itf_get
 .text.tips_prf_itf_get
                0x0010585c        0x4 ./RTE/Device/RSL10/stubprf.o
                0x0010585c                tips_prf_itf_get
 .text.tipc_prf_itf_get
                0x00105860        0x4 ./RTE/Device/RSL10/stubprf.o
                0x00105860                tipc_prf_itf_get
 .text.hrps_prf_itf_get
                0x00105864        0x4 ./RTE/Device/RSL10/stubprf.o
                0x00105864                hrps_prf_itf_get
 .text.hrpc_prf_itf_get
                0x00105868        0x4 ./RTE/Device/RSL10/stubprf.o
                0x00105868                hrpc_prf_itf_get
 .text.findl_prf_itf_get
                0x0010586c        0x4 ./RTE/Device/RSL10/stubprf.o
                0x0010586c                findl_prf_itf_get
 .text.findt_prf_itf_get
                0x00105870        0x4 ./RTE/Device/RSL10/stubprf.o
                0x00105870                findt_prf_itf_get
 .text.proxm_prf_itf_get
                0x00105874        0x4 ./RTE/Device/RSL10/stubprf.o
                0x00105874                proxm_prf_itf_get
 .text.proxr_prf_itf_get
                0x00105878        0x4 ./RTE/Device/RSL10/stubprf.o
                0x00105878                proxr_prf_itf_get
 .text.scppc_prf_itf_get
                0x0010587c        0x4 ./RTE/Device/RSL10/stubprf.o
                0x0010587c                scppc_prf_itf_get
 .text.scpps_prf_itf_get
                0x00105880        0x4 ./RTE/Device/RSL10/stubprf.o
                0x00105880                scpps_prf_itf_get
 .text.basc_prf_itf_get
                0x00105884        0x4 ./RTE/Device/RSL10/stubprf.o
                0x00105884                basc_prf_itf_get
 .text.hogpd_prf_itf_get
                0x00105888        0x4 ./RTE/Device/RSL10/stubprf.o
                0x00105888                hogpd_prf_itf_get
 .text.hogpbh_prf_itf_get
                0x0010588c        0x4 ./RTE/Device/RSL10/stubprf.o
                0x0010588c                hogpbh_prf_itf_get
 .text.hogprh_prf_itf_get
                0x00105890        0x4 ./RTE/Device/RSL10/stubprf.o
                0x00105890                hogprh_prf_itf_get
 .text.glpc_prf_itf_get
                0x00105894        0x4 ./RTE/Device/RSL10/stubprf.o
                0x00105894                glpc_prf_itf_get
 .text.glps_prf_itf_get
                0x00105898        0x4 ./RTE/Device/RSL10/stubprf.o
                0x00105898                glps_prf_itf_get
 .text.rscpc_prf_itf_get
                0x0010589c        0x4 ./RTE/Device/RSL10/stubprf.o
                0x0010589c                rscpc_prf_itf_get
 .text.rscps_prf_itf_get
                0x001058a0        0x4 ./RTE/Device/RSL10/stubprf.o
                0x001058a0                rscps_prf_itf_get
 .text.cscpc_prf_itf_get
                0x001058a4        0x4 ./RTE/Device/RSL10/stubprf.o
                0x001058a4                cscpc_prf_itf_get
 .text.cscps_prf_itf_get
                0x001058a8        0x4 ./RTE/Device/RSL10/stubprf.o
                0x001058a8                cscps_prf_itf_get
 .text.anpc_prf_itf_get
                0x001058ac        0x4 ./RTE/Device/RSL10/stubprf.o
                0x001058ac                anpc_prf_itf_get
 .text.anps_prf_itf_get
                0x001058b0        0x4 ./RTE/Device/RSL10/stubprf.o
                0x001058b0                anps_prf_itf_get
 .text.paspc_prf_itf_get
                0x001058b4        0x4 ./RTE/Device/RSL10/stubprf.o
                0x001058b4                paspc_prf_itf_get
 .text.pasps_prf_itf_get
                0x001058b8        0x4 ./RTE/Device/RSL10/stubprf.o
                0x001058b8                pasps_prf_itf_get
 .text.cppc_prf_itf_get
                0x001058bc        0x4 ./RTE/Device/RSL10/stubprf.o
                0x001058bc                cppc_prf_itf_get
 .text.cpps_prf_itf_get
                0x001058c0        0x4 ./RTE/Device/RSL10/stubprf.o
                0x001058c0                cpps_prf_itf_get
 .text.lanc_prf_itf_get
                0x001058c4        0x4 ./RTE/Device/RSL10/stubprf.o
                0x001058c4                lanc_prf_itf_get
 .text.lans_prf_itf_get
                0x001058c8        0x4 ./RTE/Device/RSL10/stubprf.o
                0x001058c8                lans_prf_itf_get
 .text.wpts_prf_itf_get
                0x001058cc        0x4 ./RTE/Device/RSL10/stubprf.o
                0x001058cc                wpts_prf_itf_get
 .text.wptc_prf_itf_get
                0x001058d0        0x4 ./RTE/Device/RSL10/stubprf.o
                0x001058d0                wptc_prf_itf_get
 .text.cgms_prf_itf_get
                0x001058d4        0x4 ./RTE/Device/RSL10/stubprf.o
                0x001058d4                cgms_prf_itf_get
 .text.cgmc_prf_itf_get
                0x001058d8        0x4 ./RTE/Device/RSL10/stubprf.o
                0x001058d8                cgmc_prf_itf_get
 .text.System_GetTargetForTrim
                0x001058dc       0x36 ./RTE/Device/RSL10/system_rsl10.o
                0x001058dc                System_GetTargetForTrim
 *fill*         0x00105912        0x2 
 .text.SystemInit
                0x00105914       0x24 ./RTE/Device/RSL10/system_rsl10.o
                0x00105914                SystemInit
 .text.SystemCoreClockUpdate
                0x00105938      0x164 ./RTE/Device/RSL10/system_rsl10.o
                0x00105938                SystemCoreClockUpdate
 .text.bhy_init
                0x00105a9c       0x2c ./RTE/Components/bhy.o
                0x00105a9c                bhy_init
 .text.bhy_write_reg
                0x00105ac8       0x24 ./RTE/Components/bhy.o
                0x00105ac8                bhy_write_reg
 .text.bhy_read_reg
                0x00105aec       0x24 ./RTE/Components/bhy.o
                0x00105aec                bhy_read_reg
 .text.bhy_set_fifo_flush
                0x00105b10       0x3c ./RTE/Components/bhy.o
                0x00105b10                bhy_set_fifo_flush
 .text.bhy_read_bytes_remaining
                0x00105b4c       0x2c ./RTE/Components/bhy.o
                0x00105b4c                bhy_read_bytes_remaining
 .text.bhy_get_parameter_acknowledge
                0x00105b78       0x2c ./RTE/Components/bhy.o
                0x00105b78                bhy_get_parameter_acknowledge
 .text.bhy_set_parameter_page_select
                0x00105ba4       0x24 ./RTE/Components/bhy.o
                0x00105ba4                bhy_set_parameter_page_select
 .text.bhy_set_host_interface_control
                0x00105bc8      0x150 ./RTE/Components/bhy.o
                0x00105bc8                bhy_set_host_interface_control
 .text.bhy_set_parameter_request
                0x00105d18       0x24 ./RTE/Components/bhy.o
                0x00105d18                bhy_set_parameter_request
 .text.bhy_get_rom_version
                0x00105d3c       0x2c ./RTE/Components/bhy.o
                0x00105d3c                bhy_get_rom_version
 .text.bhy_get_product_id
                0x00105d68       0x2c ./RTE/Components/bhy.o
                0x00105d68                bhy_get_product_id
 .text.bhy_get_crc_host
                0x00105d94       0x28 ./RTE/Components/bhy.o
                0x00105d94                bhy_get_crc_host
 .text.bhy_set_reset_request
                0x00105dbc       0x24 ./RTE/Components/bhy.o
                0x00105dbc                bhy_set_reset_request
 .text.bhy_initialize_from_rom
                0x00105de0      0x160 ./RTE/Components/bhy.o
                0x00105de0                bhy_initialize_from_rom
 .text.bhy_read_parameter_bytes
                0x00105f40       0xc8 ./RTE/Components/bhy.o
                0x00105f40                bhy_read_parameter_bytes
 .text.bhy_get_physical_sensor_status
                0x00106008       0x40 ./RTE/Components/bhy.o
                0x00106008                bhy_get_physical_sensor_status
 .text.bhy_write_parameter_bytes
                0x00106048       0xb8 ./RTE/Components/bhy.o
                0x00106048                bhy_write_parameter_bytes
 .text.bhy_set_non_wakeup_sensor_configuration
                0x00106100       0x2c ./RTE/Components/bhy.o
                0x00106100                bhy_set_non_wakeup_sensor_configuration
 .text.bhy_set_wakeup_sensor_configuration
                0x0010612c       0x2c ./RTE/Components/bhy.o
                0x0010612c                bhy_set_wakeup_sensor_configuration
 .text.bhy_driver_init
                0x00106158       0x30 ./RTE/Components/bhy_uc_driver.o
                0x00106158                bhy_driver_init
 .text.bhy_enable_virtual_sensor
                0x00106188       0x80 ./RTE/Components/bhy_uc_driver.o
                0x00106188                bhy_enable_virtual_sensor
 .text.bhy_disable_virtual_sensor
                0x00106208       0x50 ./RTE/Components/bhy_uc_driver.o
                0x00106208                bhy_disable_virtual_sensor
 .text.bhy_read_fifo
                0x00106258       0xa4 ./RTE/Components/bhy_uc_driver.o
                0x00106258                bhy_read_fifo
 .text.bhy_parse_next_fifo_packet
                0x001062fc      0x3e8 ./RTE/Components/bhy_uc_driver.o
                0x001062fc                bhy_parse_next_fifo_packet
 .text.bhy_update_system_timestamp
                0x001066e4       0x4c ./RTE/Components/bhy_uc_driver.o
                0x001066e4                bhy_update_system_timestamp
 .text.bhy_write_parameter_page
                0x00106730       0xaa ./RTE/Components/bhy_uc_driver.o
                0x00106730                bhy_write_parameter_page
 *fill*         0x001067da        0x2 
 .text.bhy_mapping_matrix_set
                0x001067dc       0x78 ./RTE/Components/bhy_uc_driver.o
                0x001067dc                bhy_mapping_matrix_set
 .text.bhy_print_debug_packet
                0x00106854       0x70 ./RTE/Components/bhy_uc_driver.o
                0x00106854                bhy_print_debug_packet
 .text.bhy_install_sensor_callback
                0x001068c4       0x2c ./RTE/Components/bhy_uc_driver.o
                0x001068c4                bhy_install_sensor_callback
 .text.bhy_install_timestamp_callback
                0x001068f0       0x28 ./RTE/Components/bhy_uc_driver.o
                0x001068f0                bhy_install_timestamp_callback
 .text.bhy_install_meta_event_callback
                0x00106918       0x20 ./RTE/Components/bhy_uc_driver.o
                0x00106918                bhy_install_meta_event_callback
 .text.null_ptr_check
                0x00106938       0x1c ./RTE/Components/bme680.o
 .text.set_mem_page
                0x00106954       0x68 ./RTE/Components/bme680.o
 .text.get_mem_page
                0x001069bc       0x32 ./RTE/Components/bme680.o
 .text.boundary_check.constprop.0
                0x001069ee       0x1c ./RTE/Components/bme680.o
 .text.bme680_get_regs
                0x00106a0a       0x48 ./RTE/Components/bme680.o
                0x00106a0a                bme680_get_regs
 .text.bme680_set_regs
                0x00106a52       0x98 ./RTE/Components/bme680.o
                0x00106a52                bme680_set_regs
 .text.bme680_soft_reset
                0x00106aea       0x5a ./RTE/Components/bme680.o
                0x00106aea                bme680_soft_reset
 .text.bme680_init
                0x00106b44      0x17c ./RTE/Components/bme680.o
                0x00106b44                bme680_init
 .text.bme680_set_sensor_mode
                0x00106cc0       0x7e ./RTE/Components/bme680.o
                0x00106cc0                bme680_set_sensor_mode
 .text.bme680_set_sensor_settings
                0x00106d3e      0x2e2 ./RTE/Components/bme680.o
                0x00106d3e                bme680_set_sensor_settings
 .text.bme680_get_sensor_mode
                0x00107020       0x28 ./RTE/Components/bme680.o
                0x00107020                bme680_get_sensor_mode
 .text.bme680_get_profile_dur
                0x00107048       0x68 ./RTE/Components/bme680.o
                0x00107048                bme680_get_profile_dur
 .text.bme680_get_sensor_data
                0x001070b0      0x354 ./RTE/Components/bme680.o
                0x001070b0                bme680_get_sensor_data
 .text.noa1305_set_power_mode
                0x00107404       0x2a ./RTE/Components/noa1305.o
                0x00107404                noa1305_set_power_mode
 .text.noa1305_reset
                0x0010742e       0x1a ./RTE/Components/noa1305.o
                0x0010742e                noa1305_reset
 .text.noa1305_set_integration_time
                0x00107448       0x24 ./RTE/Components/noa1305.o
                0x00107448                noa1305_set_integration_time
 .text.noa1305_get_integration_time
                0x0010746c       0x1e ./RTE/Components/noa1305.o
                0x0010746c                noa1305_get_integration_time
 .text.noa1305_set_int_select
                0x0010748a       0x26 ./RTE/Components/noa1305.o
                0x0010748a                noa1305_set_int_select
 .text.noa1305_read_als_data
                0x001074b0       0x42 ./RTE/Components/noa1305.o
                0x001074b0                noa1305_read_als_data
 .text.noa1305_read_device_id
                0x001074f2       0x42 ./RTE/Components/noa1305.o
                0x001074f2                noa1305_read_device_id
 .text.noa1305_init
                0x00107534       0x56 ./RTE/Components/noa1305.o
                0x00107534                noa1305_init
 *fill*         0x0010758a        0x2 
 .text.noa1305_convert_als_data_lux
                0x0010758c       0x44 ./RTE/Components/noa1305.o
                0x0010758c                noa1305_convert_als_data_lux
 .text          0x001075d0      0x13c C:/Users/Nicu/AppData/Local/Arm/Packs/ONSemiconductor/BDK/1.19.0/source/firmware/Components/BSEC_1.4.7.1_Generic_Release_20180907/algo/bin/Normal_version/gcc/Cortex_M3/libalgobsec.a(bsec_interface.o)
                0x001075d0                bsec_get_version
                0x001075e4                bsec_init
                0x001075f4                bsec_reset_output
                0x00107600                bsec_update_subscription
                0x00107624                bsec_do_steps
                0x00107648                bsec_set_configuration
                0x00107664                bsec_set_state
                0x00107680                bsec_get_configuration
                0x001076b4                bsec_get_state
                0x001076e8                bsec_sensor_control
 .text          0x0010770c      0x24c C:/Users/Nicu/AppData/Local/Arm/Packs/ONSemiconductor/BDK/1.19.0/source/firmware/Components/BSEC_1.4.7.1_Generic_Release_20180907/algo/bin/Normal_version/gcc/Cortex_M3/libalgobsec.a(bsec_codegen_do_steps.o)
                0x0010770c                bsec_codegen_do_steps
 .text          0x00107958       0xc0 C:/Users/Nicu/AppData/Local/Arm/Packs/ONSemiconductor/BDK/1.19.0/source/firmware/Components/BSEC_1.4.7.1_Generic_Release_20180907/algo/bin/Normal_version/gcc/Cortex_M3/libalgobsec.a(bsec_codegen_get_configuration.o)
                0x00107958                bsec_codegen_get_configuration
 .text          0x00107a18       0xb8 C:/Users/Nicu/AppData/Local/Arm/Packs/ONSemiconductor/BDK/1.19.0/source/firmware/Components/BSEC_1.4.7.1_Generic_Release_20180907/algo/bin/Normal_version/gcc/Cortex_M3/libalgobsec.a(bsec_codegen_get_state.o)
                0x00107a18                bsec_codegen_get_state
 .text          0x00107ad0       0x10 C:/Users/Nicu/AppData/Local/Arm/Packs/ONSemiconductor/BDK/1.19.0/source/firmware/Components/BSEC_1.4.7.1_Generic_Release_20180907/algo/bin/Normal_version/gcc/Cortex_M3/libalgobsec.a(bsec_codegen_get_version.o)
                0x00107ad0                bsec_codegen_get_version
 .text          0x00107ae0        0x4 C:/Users/Nicu/AppData/Local/Arm/Packs/ONSemiconductor/BDK/1.19.0/source/firmware/Components/BSEC_1.4.7.1_Generic_Release_20180907/algo/bin/Normal_version/gcc/Cortex_M3/libalgobsec.a(bsec_codegen_init.o)
                0x00107ae0                bsec_codegen_init
 .text          0x00107ae4       0x34 C:/Users/Nicu/AppData/Local/Arm/Packs/ONSemiconductor/BDK/1.19.0/source/firmware/Components/BSEC_1.4.7.1_Generic_Release_20180907/algo/bin/Normal_version/gcc/Cortex_M3/libalgobsec.a(bsec_codegen_reset_output.o)
                0x00107ae4                bsec_codegen_reset_output
 .text          0x00107b18      0x35c C:/Users/Nicu/AppData/Local/Arm/Packs/ONSemiconductor/BDK/1.19.0/source/firmware/Components/BSEC_1.4.7.1_Generic_Release_20180907/algo/bin/Normal_version/gcc/Cortex_M3/libalgobsec.a(bsec_codegen_sensor_control.o)
                0x00107b18                bsec_codegen_sensor_control
 .text          0x00107e74       0x90 C:/Users/Nicu/AppData/Local/Arm/Packs/ONSemiconductor/BDK/1.19.0/source/firmware/Components/BSEC_1.4.7.1_Generic_Release_20180907/algo/bin/Normal_version/gcc/Cortex_M3/libalgobsec.a(bsec_codegen_set_configuration.o)
                0x00107e74                bsec_codegen_set_configuration
 .text          0x00107f04       0x90 C:/Users/Nicu/AppData/Local/Arm/Packs/ONSemiconductor/BDK/1.19.0/source/firmware/Components/BSEC_1.4.7.1_Generic_Release_20180907/algo/bin/Normal_version/gcc/Cortex_M3/libalgobsec.a(bsec_codegen_set_state.o)
                0x00107f04                bsec_codegen_set_state
 *fill*         0x00107f94        0x4 
 .text          0x00107f98      0x3a0 C:/Users/Nicu/AppData/Local/Arm/Packs/ONSemiconductor/BDK/1.19.0/source/firmware/Components/BSEC_1.4.7.1_Generic_Release_20180907/algo/bin/Normal_version/gcc/Cortex_M3/libalgobsec.a(bsec_codegen_update_subscription.o)
                0x00107f98                bsec_codegen_update_subscription
 .text          0x00108338       0x18 C:/Users/Nicu/AppData/Local/Arm/Packs/ONSemiconductor/BDK/1.19.0/source/firmware/Components/BSEC_1.4.7.1_Generic_Release_20180907/algo/bin/Normal_version/gcc/Cortex_M3/libalgobsec.a(constructor_bsec.o)
                0x00108338                bsec_constructor_bsec
 .text          0x00108350      0xca8 C:/Users/Nicu/AppData/Local/Arm/Packs/ONSemiconductor/BDK/1.19.0/source/firmware/Components/BSEC_1.4.7.1_Generic_Release_20180907/algo/bin/Normal_version/gcc/Cortex_M3/libalgobsec.a(Bsec.o)
                0x00108448                bsec_Bsec_append
                0x00108490                bsec_Bsec_applyUpdateSubscription
                0x0010849c                bsec_Bsec_checkIfSensorRequired
                0x001084f8                bsec_Bsec_checkSamplIntvlCompatibilty
                0x001086dc                bsec_Bsec_frameSerializedData
                0x0010877c                bsec_Bsec_getHyperConfiguration
                0x00108898                bsec_Bsec_getHyperState
                0x0010889c                bsec_Bsec_getModHeatingDuration
                0x0010892c                bsec_Bsec_parse
                0x001089ac                bsec_Bsec_requestOutput
                0x001089e0                bsec_Bsec_setHyperConfiguration
                0x00108cb4                bsec_Bsec_setHyperState
                0x00108d20                bsec_Bsec_validateSerialization
                0x00108e2c                bsec_b_Bsec_setHyperConfiguration
                0x00108fc0                bsec_b_Bsec_setHyperState
 .text          0x00108ff8      0xb94 C:/Users/Nicu/AppData/Local/Arm/Packs/ONSemiconductor/BDK/1.19.0/source/firmware/Components/BSEC_1.4.7.1_Generic_Release_20180907/algo/bin/Normal_version/gcc/Cortex_M3/libalgobsec.a(ChannelHub.o)
                0x00109078                bsec_ChannelHub_configureChannel
                0x001090d8                bsec_ChannelHub_do
                0x00109584                bsec_ChannelHub_getChannelConfiguration
                0x0010965c                bsec_ChannelHub_getChannelState
                0x00109734                bsec_ChannelHub_getOutput
                0x00109778                bsec_ChannelHub_isOutputValid
                0x0010978c                bsec_ChannelHub_recalculateDownsampling
                0x0010987c                bsec_ChannelHub_resetSamplIntvls
                0x001098f4                bsec_ChannelHub_ChannelHub
                0x00109998                bsec_ChannelHub_setChannelState
                0x001099f8                bsec_ChannelHub_setInput
                0x00109a3c                bsec_ChannelHub_updateChannelInterfaceDependency
                0x00109a94                bsec_ChannelHub_updateOutputSamplIntvl
                0x00109b34                bsec_b_ChannelHub_updateChannelInterfaceDependency
 .text          0x00109b8c      0x7f8 C:/Users/Nicu/AppData/Local/Arm/Packs/ONSemiconductor/BDK/1.19.0/source/firmware/Components/BSEC_1.4.7.1_Generic_Release_20180907/algo/bin/Normal_version/gcc/Cortex_M3/libalgobsec.a(Entity.o)
                0x00109b8c                bsec_Entity_parseAndDeserialize
                0x00109bcc                bsec_Entity_serializeAndAdd
                0x00109c14                bsec_b_Entity_parseAndDeserialize
                0x00109c5c                bsec_b_Entity_serializeAndAdd
                0x00109cac                bsec_c_Entity_parseAndDeserialize
                0x00109cdc                bsec_c_Entity_serializeAndAdd
                0x00109d20                bsec_d_Entity_parseAndDeserialize
                0x00109d4c                bsec_d_Entity_serializeAndAdd
                0x00109d98                bsec_e_Entity_parseAndDeserialize
                0x00109dd0                bsec_e_Entity_serializeAndAdd
                0x00109e18                bsec_f_Entity_parseAndDeserialize
                0x00109e4c                bsec_f_Entity_serializeAndAdd
                0x00109e90                bsec_g_Entity_parseAndDeserialize
                0x00109ea0                bsec_g_Entity_serializeAndAdd
                0x00109eb8                bsec_h_Entity_parseAndDeserialize
                0x00109ee0                bsec_h_Entity_serializeAndAdd
                0x00109f38                bsec_i_Entity_parseAndDeserialize
                0x00109f78                bsec_i_Entity_serializeAndAdd
                0x00109fc4                bsec_j_Entity_parseAndDeserialize
                0x0010a004                bsec_j_Entity_serializeAndAdd
                0x0010a040                bsec_k_Entity_parseAndDeserialize
                0x0010a080                bsec_k_Entity_serializeAndAdd
                0x0010a0bc                bsec_l_Entity_parseAndDeserialize
                0x0010a108                bsec_l_Entity_serializeAndAdd
                0x0010a14c                bsec_m_Entity_parseAndDeserialize
                0x0010a17c                bsec_m_Entity_serializeAndAdd
                0x0010a1d4                bsec_n_Entity_parseAndDeserialize
                0x0010a1fc                bsec_n_Entity_serializeAndAdd
                0x0010a254                bsec_o_Entity_parseAndDeserialize
                0x0010a294                bsec_o_Entity_serializeAndAdd
                0x0010a2ec                bsec_p_Entity_parseAndDeserialize
                0x0010a338                bsec_p_Entity_serializeAndAdd
 .text          0x0010a384      0xb38 C:/Users/Nicu/AppData/Local/Arm/Packs/ONSemiconductor/BDK/1.19.0/source/firmware/Components/BSEC_1.4.7.1_Generic_Release_20180907/algo/bin/Normal_version/gcc/Cortex_M3/libalgobsec.a(GasHumidityBaselineTracker.o)
                0x0010a47c                bsec_GasHumidityBaselineTracker_configure
                0x0010a570                bsec_GasHumidityBaselineTracker_doStep
                0x0010aa10                bsec_GasHumidityBaselineTracker_getConfiguration
                0x0010ab2c                bsec_GasHumidityBaselineTracker_getState
                0x0010ac74                bsec_GasHumidityBaselineTracker_setState
                0x0010aca0                bsec_GasHumidityBaselineTracker_GasHumidityBaselineTracker
                0x0010ad0c                bsec_GasHumidityBaselineTracker_updateInterfaceDependency
                0x0010addc                bsec_b_GasHumidityBaselineTracker_setState
 .text          0x0010aebc      0x1d4 C:/Users/Nicu/AppData/Local/Arm/Packs/ONSemiconductor/BDK/1.19.0/source/firmware/Components/BSEC_1.4.7.1_Generic_Release_20180907/algo/bin/Normal_version/gcc/Cortex_M3/libalgobsec.a(GasHumidityPreProcessor.o)
                0x0010aebc                bsec_GasHumidityPreProcessor_GasHumidityPreProcessor
                0x0010aef8                bsec_GasHumidityPreProcessor_configure
                0x0010af38                bsec_GasHumidityPreProcessor_doStep
                0x0010afe8                bsec_GasHumidityPreProcessor_setState
                0x0010b028                bsec_GasHumidityPreProcessor_updateInterfaceDependency
 .text          0x0010b090      0x270 C:/Users/Nicu/AppData/Local/Arm/Packs/ONSemiconductor/BDK/1.19.0/source/firmware/Components/BSEC_1.4.7.1_Generic_Release_20180907/algo/bin/Normal_version/gcc/Cortex_M3/libalgobsec.a(HumidityTemperatureCorrector.o)
                0x0010b090                bsec_HumidityTemperatureCorrector_HumidityTemperatureCorrector
                0x0010b0b4                bsec_HumidityTemperatureCorrector_configure
                0x0010b0f0                bsec_HumidityTemperatureCorrector_doStep
                0x0010b170                bsec_HumidityTemperatureCorrector_getConfiguration
                0x0010b1dc                bsec_HumidityTemperatureCorrector_getState
                0x0010b248                bsec_HumidityTemperatureCorrector_setState
                0x0010b27c                bsec_HumidityTemperatureCorrector_updateInterfaceDependency
 .text          0x0010b300      0x58c C:/Users/Nicu/AppData/Local/Arm/Packs/ONSemiconductor/BDK/1.19.0/source/firmware/Components/BSEC_1.4.7.1_Generic_Release_20180907/algo/bin/Normal_version/gcc/Cortex_M3/libalgobsec.a(IaqEstimator.o)
                0x0010b300                bsec_IaqEstimator_IaqEstimator
                0x0010b360                bsec_IaqEstimator_doStep
                0x0010b550                bsec_IaqEstimator_getConfiguration
                0x0010b654                bsec_IaqEstimator_getState
                0x0010b6dc                bsec_IaqEstimator_setState
                0x0010b71c                bsec_IaqEstimator_updateInterfaceDependency
                0x0010b7d4                bsec_b_IaqEstimator_configure
 *fill*         0x0010b88c        0x4 
 .text          0x0010b890      0x440 C:/Users/Nicu/AppData/Local/Arm/Packs/ONSemiconductor/BDK/1.19.0/source/firmware/Components/BSEC_1.4.7.1_Generic_Release_20180907/algo/bin/Normal_version/gcc/Cortex_M3/libalgobsec.a(SensorHeatCompensator.o)
                0x0010b890                bsec_SensorHeatCompensator_SensorHeatCompensator
                0x0010b920                bsec_SensorHeatCompensator_configure
                0x0010ba20                bsec_SensorHeatCompensator_doStep
                0x0010bb38                bsec_SensorHeatCompensator_getConfiguration
                0x0010bc24                bsec_SensorHeatCompensator_getState
                0x0010bc9c                bsec_SensorHeatCompensator_setState
 .text          0x0010bcd0      0x3c0 C:/Users/Nicu/AppData/Local/Arm/Packs/ONSemiconductor/BDK/1.19.0/source/firmware/Components/BSEC_1.4.7.1_Generic_Release_20180907/algo/bin/Normal_version/gcc/Cortex_M3/libalgobsec.a(SensorStatusTracker.o)
                0x0010bcd0                bsec_SensorStatusTracker_SensorStatusTracker
                0x0010bd08                bsec_SensorStatusTracker_doStep
                0x0010be14                bsec_SensorStatusTracker_getConfiguration
                0x0010be9c                bsec_SensorStatusTracker_getState
                0x0010bf68                bsec_SensorStatusTracker_setState
                0x0010bfe8                bsec_SensorStatusTracker_updateInterfaceDependency
                0x0010c050                bsec_b_SensorStatusTracker_configure
 .text          0x0010c090       0x7c C:/Users/Nicu/AppData/Local/Arm/Packs/ONSemiconductor/BDK/1.19.0/source/firmware/Components/BSEC_1.4.7.1_Generic_Release_20180907/algo/bin/Normal_version/gcc/Cortex_M3/libalgobsec.a(Serialization.o)
                0x0010c090                bsec_Serialization_checkSerializationHeader
                0x0010c0f0                bsec_Serialization_prepareSerializationHeader
 .text          0x0010c10c       0x70 C:/Users/Nicu/AppData/Local/Arm/Packs/ONSemiconductor/BDK/1.19.0/source/firmware/Components/BSEC_1.4.7.1_Generic_Release_20180907/algo/bin/Normal_version/gcc/Cortex_M3/libalgobsec.a(bsec_codegen_rtwutil.o)
                0x0010c10c                bsec_rt_roundd
 .text          0x0010c17c       0xd0 C:/Users/Nicu/AppData/Local/Arm/Packs/ONSemiconductor/BDK/1.19.0/source/firmware/Components/BSEC_1.4.7.1_Generic_Release_20180907/algo/bin/Normal_version/gcc/Cortex_M3/libalgobsec.a(convertHumidity.o)
                0x0010c17c                bsec_convertHumidity
 .text          0x0010c24c       0x40 C:/Users/Nicu/AppData/Local/Arm/Packs/ONSemiconductor/BDK/1.19.0/source/firmware/Components/BSEC_1.4.7.1_Generic_Release_20180907/algo/bin/Normal_version/gcc/Cortex_M3/libalgobsec.a(crcCcitt2.o)
                0x0010c24c                bsec_crcCcitt2
 .text          0x0010c28c        0xc C:/Users/Nicu/AppData/Local/Arm/Packs/ONSemiconductor/BDK/1.19.0/source/firmware/Components/BSEC_1.4.7.1_Generic_Release_20180907/algo/bin/Normal_version/gcc/Cortex_M3/libalgobsec.a(isequal.o)
                0x0010c28c                bsec_isequal
 .text          0x0010c298       0xb0 C:/Users/Nicu/AppData/Local/Arm/Packs/ONSemiconductor/BDK/1.19.0/source/firmware/Components/BSEC_1.4.7.1_Generic_Release_20180907/algo/bin/Normal_version/gcc/Cortex_M3/libalgobsec.a(ExpSmoothing.o)
                0x0010c298                bsec_ExpSmoothing_setCoeffFromBandwidth
 .text          0x0010c348       0x30 C:/Users/Nicu/AppData/Local/Arm/Packs/ONSemiconductor/BDK/1.19.0/source/firmware/Components/BSEC_1.4.7.1_Generic_Release_20180907/algo/bin/Normal_version/gcc/Cortex_M3/libalgobsec.a(ExpSmoothingBsec.o)
                0x0010c348                bsec_ExpSmoothingBsec_ExpSmoothingBsec
                0x0010c364                bsec_b_ExpSmoothingBsec_ExpSmoothingBsec
 .text          0x0010c378       0x18 C:/Users/Nicu/AppData/Local/Arm/Packs/ONSemiconductor/BDK/1.19.0/source/firmware/Components/BSEC_1.4.7.1_Generic_Release_20180907/algo/bin/Normal_version/gcc/Cortex_M3/libalgobsec.a(sin.o)
                0x0010c378                bsec_sin
 .text          0x0010c390       0x18 C:/Users/Nicu/AppData/Local/Arm/Packs/ONSemiconductor/BDK/1.19.0/source/firmware/Components/BSEC_1.4.7.1_Generic_Release_20180907/algo/bin/Normal_version/gcc/Cortex_M3/libalgobsec.a(sqrt.o)
                0x0010c390                bsec_sqrt
 .text.prf_itf_get
                0x0010c3a8       0xe0 C:/Users/Nicu/AppData/Local/Arm/Packs/ONSemiconductor/RSL10/3.6.465/lib/ble_core/Release/libblelib.a(prf-prf_utils.o)
 .text.prf_init
                0x0010c488       0x64 C:/Users/Nicu/AppData/Local/Arm/Packs/ONSemiconductor/RSL10/3.6.465/lib/ble_core/Release/libblelib.a(prf-prf_utils.o)
                0x0010c488                prf_init
 .text.prf_add_profile
                0x0010c4ec       0x70 C:/Users/Nicu/AppData/Local/Arm/Packs/ONSemiconductor/RSL10/3.6.465/lib/ble_core/Release/libblelib.a(prf-prf_utils.o)
                0x0010c4ec                prf_add_profile
 .text.prf_create
                0x0010c55c       0x2c C:/Users/Nicu/AppData/Local/Arm/Packs/ONSemiconductor/RSL10/3.6.465/lib/ble_core/Release/libblelib.a(prf-prf_utils.o)
                0x0010c55c                prf_create
 .text.prf_cleanup
                0x0010c588       0x30 C:/Users/Nicu/AppData/Local/Arm/Packs/ONSemiconductor/RSL10/3.6.465/lib/ble_core/Release/libblelib.a(prf-prf_utils.o)
                0x0010c588                prf_cleanup
 .text.prf_env_get
                0x0010c5b8       0x2c C:/Users/Nicu/AppData/Local/Arm/Packs/ONSemiconductor/RSL10/3.6.465/lib/ble_core/Release/libblelib.a(prf-prf_utils.o)
                0x0010c5b8                prf_env_get
 .text.prf_src_task_get
                0x0010c5e4       0x10 C:/Users/Nicu/AppData/Local/Arm/Packs/ONSemiconductor/RSL10/3.6.465/lib/ble_core/Release/libblelib.a(prf-prf_utils.o)
                0x0010c5e4                prf_src_task_get
 .text.prf_dst_task_get
                0x0010c5f4       0x10 C:/Users/Nicu/AppData/Local/Arm/Packs/ONSemiconductor/RSL10/3.6.465/lib/ble_core/Release/libblelib.a(prf-prf_utils.o)
                0x0010c5f4                prf_dst_task_get
 .text.prf_pack_char_pres_fmt
                0x0010c604       0x1e C:/Users/Nicu/AppData/Local/Arm/Packs/ONSemiconductor/RSL10/3.6.465/lib/ble_core/Release/libblelib.a(prf-prf_utils.o)
                0x0010c604                prf_pack_char_pres_fmt
 *fill*         0x0010c622        0x2 
 .text.LowPowerClock_Source_Set
                0x0010c624       0x10 C:/Users/Nicu/AppData/Local/Arm/Packs/ONSemiconductor/RSL10/3.6.465/lib/ble_core/Release/libblelib.a(rwip.o)
                0x0010c624                LowPowerClock_Source_Set
 .text.BLE_Reset
                0x0010c634       0x44 C:/Users/Nicu/AppData/Local/Arm/Packs/ONSemiconductor/RSL10/3.6.465/lib/ble_core/Release/libblelib.a(rwip.o)
                0x0010c634                BLE_Reset
 .text.rwip_reset
                0x0010c678       0x3c C:/Users/Nicu/AppData/Local/Arm/Packs/ONSemiconductor/RSL10/3.6.465/lib/ble_core/Release/libblelib.a(rwip.o)
                0x0010c678                rwip_reset
 .text.BLE_Power_Mode_Enter
                0x0010c6b4      0x14c C:/Users/Nicu/AppData/Local/Arm/Packs/ONSemiconductor/RSL10/3.6.465/lib/ble_core/Release/libblelib.a(rwip.o)
                0x0010c6b4                BLE_Power_Mode_Enter
 .text.rwip_prevent_sleep_set
                0x0010c800       0x1c C:/Users/Nicu/AppData/Local/Arm/Packs/ONSemiconductor/RSL10/3.6.465/lib/ble_core/Release/libblelib.a(rwip.o)
                0x0010c800                rwip_prevent_sleep_set
 .text.rwip_wakeup
                0x0010c81c       0x10 C:/Users/Nicu/AppData/Local/Arm/Packs/ONSemiconductor/RSL10/3.6.465/lib/ble_core/Release/libblelib.a(rwip.o)
                0x0010c81c                rwip_wakeup
 .text.rwip_prevent_sleep_clear
                0x0010c82c       0x20 C:/Users/Nicu/AppData/Local/Arm/Packs/ONSemiconductor/RSL10/3.6.465/lib/ble_core/Release/libblelib.a(rwip.o)
                0x0010c82c                rwip_prevent_sleep_clear
 .text.rwip_wakeup_end
                0x0010c84c       0x24 C:/Users/Nicu/AppData/Local/Arm/Packs/ONSemiconductor/RSL10/3.6.465/lib/ble_core/Release/libblelib.a(rwip.o)
                0x0010c84c                rwip_wakeup_end
 .text.rwip_sleep_lpcycles_2_us
                0x0010c870       0x54 C:/Users/Nicu/AppData/Local/Arm/Packs/ONSemiconductor/RSL10/3.6.465/lib/ble_core/Release/libblelib.a(rwip.o)
                0x0010c870                rwip_sleep_lpcycles_2_us
 .text.rwip_us_2_lpcycles
                0x0010c8c4       0x24 C:/Users/Nicu/AppData/Local/Arm/Packs/ONSemiconductor/RSL10/3.6.465/lib/ble_core/Release/libblelib.a(rwip.o)
                0x0010c8c4                rwip_us_2_lpcycles
 .text.rwip_wakeup_delay_set
                0x0010c8e8       0x2c C:/Users/Nicu/AppData/Local/Arm/Packs/ONSemiconductor/RSL10/3.6.465/lib/ble_core/Release/libblelib.a(rwip.o)
                0x0010c8e8                rwip_wakeup_delay_set
 .text.BLE_InitNoTL
                0x0010c914       0xd8 C:/Users/Nicu/AppData/Local/Arm/Packs/ONSemiconductor/RSL10/3.6.465/lib/ble_core/Release/libblelib.a(rwip.o)
                0x0010c914                BLE_InitNoTL
 .text.rf_atl_reg_rd
                0x0010c9ec       0x1c C:/Users/Nicu/AppData/Local/Arm/Packs/ONSemiconductor/RSL10/3.6.465/lib/ble_core/Release/libblelib.a(rf_atlas.o)
 .text.rf_atl_reg_wr
                0x0010ca08        0xc C:/Users/Nicu/AppData/Local/Arm/Packs/ONSemiconductor/RSL10/3.6.465/lib/ble_core/Release/libblelib.a(rf_atlas.o)
 .text.rf_reset
                0x0010ca14        0x2 C:/Users/Nicu/AppData/Local/Arm/Packs/ONSemiconductor/RSL10/3.6.465/lib/ble_core/Release/libblelib.a(rf_atlas.o)
 .text.rf_force_agc_enable
                0x0010ca16        0x2 C:/Users/Nicu/AppData/Local/Arm/Packs/ONSemiconductor/RSL10/3.6.465/lib/ble_core/Release/libblelib.a(rf_atlas.o)
 .text.rf_txpwr_dbm_get
                0x0010ca18        0x4 C:/Users/Nicu/AppData/Local/Arm/Packs/ONSemiconductor/RSL10/3.6.465/lib/ble_core/Release/libblelib.a(rf_atlas.o)
 .text.rf_sleep
                0x0010ca1c       0x14 C:/Users/Nicu/AppData/Local/Arm/Packs/ONSemiconductor/RSL10/3.6.465/lib/ble_core/Release/libblelib.a(rf_atlas.o)
 .text.rf_rssi_convert
                0x0010ca30       0x34 C:/Users/Nicu/AppData/Local/Arm/Packs/ONSemiconductor/RSL10/3.6.465/lib/ble_core/Release/libblelib.a(rf_atlas.o)
 .text.rf_init  0x0010ca64      0x4d0 C:/Users/Nicu/AppData/Local/Arm/Packs/ONSemiconductor/RSL10/3.6.465/lib/ble_core/Release/libblelib.a(rf_atlas.o)
                0x0010ca64                rf_init
 .text.AddBigHex256
                0x0010cf34       0x4a C:/Users/Nicu/AppData/Local/Arm/Packs/ONSemiconductor/RSL10/3.6.465/lib/ble_core/Release/libblelib.a(ecc_p256.o)
                0x0010cf34                AddBigHex256
 .text.Add2SelfBigHex256
                0x0010cf7e       0x40 C:/Users/Nicu/AppData/Local/Arm/Packs/ONSemiconductor/RSL10/3.6.465/lib/ble_core/Release/libblelib.a(ecc_p256.o)
                0x0010cf7e                Add2SelfBigHex256
 .text.SubtractBigHex256
                0x0010cfbe       0x48 C:/Users/Nicu/AppData/Local/Arm/Packs/ONSemiconductor/RSL10/3.6.465/lib/ble_core/Release/libblelib.a(ecc_p256.o)
                0x0010cfbe                SubtractBigHex256
 .text.SubtractFromSelfBigHex256
                0x0010d006       0x4c C:/Users/Nicu/AppData/Local/Arm/Packs/ONSemiconductor/RSL10/3.6.465/lib/ble_core/Release/libblelib.a(ecc_p256.o)
                0x0010d006                SubtractFromSelfBigHex256
 *fill*         0x0010d052        0x2 
 .text.AddP256  0x0010d054       0x3c C:/Users/Nicu/AppData/Local/Arm/Packs/ONSemiconductor/RSL10/3.6.465/lib/ble_core/Release/libblelib.a(ecc_p256.o)
                0x0010d054                AddP256
 .text.AddBigHexModP256
                0x0010d090       0x48 C:/Users/Nicu/AppData/Local/Arm/Packs/ONSemiconductor/RSL10/3.6.465/lib/ble_core/Release/libblelib.a(ecc_p256.o)
                0x0010d090                AddBigHexModP256
 .text.AddPdiv2_256
                0x0010d0d8       0xf0 C:/Users/Nicu/AppData/Local/Arm/Packs/ONSemiconductor/RSL10/3.6.465/lib/ble_core/Release/libblelib.a(ecc_p256.o)
                0x0010d0d8                AddPdiv2_256
 .text.SubtractFromSelfBigHexSign256
                0x0010d1c8       0xd2 C:/Users/Nicu/AppData/Local/Arm/Packs/ONSemiconductor/RSL10/3.6.465/lib/ble_core/Release/libblelib.a(ecc_p256.o)
                0x0010d1c8                SubtractFromSelfBigHexSign256
 *fill*         0x0010d29a        0x2 
 .text.SubtractBigHexMod256
                0x0010d29c       0xd4 C:/Users/Nicu/AppData/Local/Arm/Packs/ONSemiconductor/RSL10/3.6.465/lib/ble_core/Release/libblelib.a(ecc_p256.o)
                0x0010d29c                SubtractBigHexMod256
 .text.MultiplyByU32ModP256
                0x0010d370       0x30 C:/Users/Nicu/AppData/Local/Arm/Packs/ONSemiconductor/RSL10/3.6.465/lib/ble_core/Release/libblelib.a(ecc_p256.o)
                0x0010d370                MultiplyByU32ModP256
 .text.specialModP256
                0x0010d3a0       0xb0 C:/Users/Nicu/AppData/Local/Arm/Packs/ONSemiconductor/RSL10/3.6.465/lib/ble_core/Release/libblelib.a(ecc_p256.o)
                0x0010d3a0                specialModP256
 .text.MultiplyBigHexModP256
                0x0010d450      0x158 C:/Users/Nicu/AppData/Local/Arm/Packs/ONSemiconductor/RSL10/3.6.465/lib/ble_core/Release/libblelib.a(ecc_p256.o)
                0x0010d450                MultiplyBigHexModP256
 .text.MultiplyBigHexByUint32_256
                0x0010d5a8       0x44 C:/Users/Nicu/AppData/Local/Arm/Packs/ONSemiconductor/RSL10/3.6.465/lib/ble_core/Release/libblelib.a(ecc_p256.o)
                0x0010d5a8                MultiplyBigHexByUint32_256
 .text.notEqual256
                0x0010d5ec       0x1e C:/Users/Nicu/AppData/Local/Arm/Packs/ONSemiconductor/RSL10/3.6.465/lib/ble_core/Release/libblelib.a(ecc_p256.o)
                0x0010d5ec                notEqual256
 *fill*         0x0010d60a        0x2 
 .text.GF_Jacobian_Point_Double256
                0x0010d60c      0x1a4 C:/Users/Nicu/AppData/Local/Arm/Packs/ONSemiconductor/RSL10/3.6.465/lib/ble_core/Release/libblelib.a(ecc_p256.o)
                0x0010d60c                GF_Jacobian_Point_Double256
 .text.GF_Jacobian_Point_Addition256
                0x0010d7b0      0x550 C:/Users/Nicu/AppData/Local/Arm/Packs/ONSemiconductor/RSL10/3.6.465/lib/ble_core/Release/libblelib.a(ecc_p256.o)
                0x0010d7b0                GF_Jacobian_Point_Addition256
 .text.bigHexInversion256
                0x0010dd00      0x228 C:/Users/Nicu/AppData/Local/Arm/Packs/ONSemiconductor/RSL10/3.6.465/lib/ble_core/Release/libblelib.a(ecc_p256.o)
                0x0010dd00                bigHexInversion256
 .text.GF_Point_Jacobian_To_Affine256
                0x0010df28       0x2c C:/Users/Nicu/AppData/Local/Arm/Packs/ONSemiconductor/RSL10/3.6.465/lib/ble_core/Release/libblelib.a(ecc_p256.o)
                0x0010df28                GF_Point_Jacobian_To_Affine256
 .text.ecc_multiplication_event_handler
                0x0010df54      0x5b8 C:/Users/Nicu/AppData/Local/Arm/Packs/ONSemiconductor/RSL10/3.6.465/lib/ble_core/Release/libblelib.a(ecc_p256.o)
 .text.ecc_init
                0x0010e50c       0x48 C:/Users/Nicu/AppData/Local/Arm/Packs/ONSemiconductor/RSL10/3.6.465/lib/ble_core/Release/libblelib.a(ecc_p256.o)
                0x0010e50c                ecc_init
 .text.ecc_generate_key256
                0x0010e554      0x3f8 C:/Users/Nicu/AppData/Local/Arm/Packs/ONSemiconductor/RSL10/3.6.465/lib/ble_core/Release/libblelib.a(ecc_p256.o)
                0x0010e554                ecc_generate_key256
 .text.ecc_gen_new_public_key
                0x0010e94c       0x20 C:/Users/Nicu/AppData/Local/Arm/Packs/ONSemiconductor/RSL10/3.6.465/lib/ble_core/Release/libblelib.a(ecc_p256.o)
                0x0010e94c                ecc_gen_new_public_key
 .text.ecc_gen_new_secret_key
                0x0010e96c       0xc4 C:/Users/Nicu/AppData/Local/Arm/Packs/ONSemiconductor/RSL10/3.6.465/lib/ble_core/Release/libblelib.a(ecc_p256.o)
                0x0010e96c                ecc_gen_new_secret_key
 .text.hci_evt_mask_set.part.0
                0x0010ea30       0x30 C:/Users/Nicu/AppData/Local/Arm/Packs/ONSemiconductor/RSL10/3.6.465/lib/ble_core/Release/libblelib.a(hci.o)
 .text.hci_init
                0x0010ea60       0x24 C:/Users/Nicu/AppData/Local/Arm/Packs/ONSemiconductor/RSL10/3.6.465/lib/ble_core/Release/libblelib.a(hci.o)
                0x0010ea60                hci_init
 .text.hci_reset
                0x0010ea84        0x4 C:/Users/Nicu/AppData/Local/Arm/Packs/ONSemiconductor/RSL10/3.6.465/lib/ble_core/Release/libblelib.a(hci.o)
                0x0010ea84                hci_reset
 .text.hci_send_2_host
                0x0010ea88       0xf0 C:/Users/Nicu/AppData/Local/Arm/Packs/ONSemiconductor/RSL10/3.6.465/lib/ble_core/Release/libblelib.a(hci.o)
                0x0010ea88                hci_send_2_host
 .text.hci_send_2_controller
                0x0010eb78       0x8c C:/Users/Nicu/AppData/Local/Arm/Packs/ONSemiconductor/RSL10/3.6.465/lib/ble_core/Release/libblelib.a(hci.o)
                0x0010eb78                hci_send_2_controller
 .text.hci_evt_mask_set
                0x0010ec04       0x24 C:/Users/Nicu/AppData/Local/Arm/Packs/ONSemiconductor/RSL10/3.6.465/lib/ble_core/Release/libblelib.a(hci.o)
                0x0010ec04                hci_evt_mask_set
 .text.hci_fc_init
                0x0010ec28       0x10 C:/Users/Nicu/AppData/Local/Arm/Packs/ONSemiconductor/RSL10/3.6.465/lib/ble_core/Release/libblelib.a(hci_fc.o)
                0x0010ec28                hci_fc_init
 .text.hci_fc_acl_buf_size_set
                0x0010ec38       0x20 C:/Users/Nicu/AppData/Local/Arm/Packs/ONSemiconductor/RSL10/3.6.465/lib/ble_core/Release/libblelib.a(hci_fc.o)
                0x0010ec38                hci_fc_acl_buf_size_set
 .text.hci_fc_acl_en
                0x0010ec58       0x30 C:/Users/Nicu/AppData/Local/Arm/Packs/ONSemiconductor/RSL10/3.6.465/lib/ble_core/Release/libblelib.a(hci_fc.o)
                0x0010ec58                hci_fc_acl_en
 .text.hci_fc_host_nb_acl_pkts_complete
                0x0010ec88       0x18 C:/Users/Nicu/AppData/Local/Arm/Packs/ONSemiconductor/RSL10/3.6.465/lib/ble_core/Release/libblelib.a(hci_fc.o)
                0x0010ec88                hci_fc_host_nb_acl_pkts_complete
 .text.hci_look_for_cmd_desc
                0x0010eca0       0x6c C:/Users/Nicu/AppData/Local/Arm/Packs/ONSemiconductor/RSL10/3.6.465/lib/ble_core/Release/libblelib.a(hci_msg.o)
                0x0010eca0                hci_look_for_cmd_desc
 .text.hci_look_for_evt_desc
                0x0010ed0c       0x20 C:/Users/Nicu/AppData/Local/Arm/Packs/ONSemiconductor/RSL10/3.6.465/lib/ble_core/Release/libblelib.a(hci_msg.o)
                0x0010ed0c                hci_look_for_evt_desc
 .text.hci_look_for_le_evt_desc
                0x0010ed2c       0x20 C:/Users/Nicu/AppData/Local/Arm/Packs/ONSemiconductor/RSL10/3.6.465/lib/ble_core/Release/libblelib.a(hci_msg.o)
                0x0010ed2c                hci_look_for_le_evt_desc
 .text.ea_conflict_check
                0x0010ed4c       0xa4 C:/Users/Nicu/AppData/Local/Arm/Packs/ONSemiconductor/RSL10/3.6.465/lib/ble_core/Release/libblelib.a(ea.o)
 .text.ea_elt_cancel
                0x0010edf0      0x114 C:/Users/Nicu/AppData/Local/Arm/Packs/ONSemiconductor/RSL10/3.6.465/lib/ble_core/Release/libblelib.a(ea.o)
                0x0010edf0                ea_elt_cancel
 .text.ea_init  0x0010ef04       0x2c C:/Users/Nicu/AppData/Local/Arm/Packs/ONSemiconductor/RSL10/3.6.465/lib/ble_core/Release/libblelib.a(ea.o)
                0x0010ef04                ea_init
 .text.ea_elt_create
                0x0010ef30       0x1e C:/Users/Nicu/AppData/Local/Arm/Packs/ONSemiconductor/RSL10/3.6.465/lib/ble_core/Release/libblelib.a(ea.o)
                0x0010ef30                ea_elt_create
 .text.ea_interval_create
                0x0010ef4e       0x18 C:/Users/Nicu/AppData/Local/Arm/Packs/ONSemiconductor/RSL10/3.6.465/lib/ble_core/Release/libblelib.a(ea.o)
                0x0010ef4e                ea_interval_create
 *fill*         0x0010ef66        0x2 
 .text.ea_interval_insert
                0x0010ef68        0xc C:/Users/Nicu/AppData/Local/Arm/Packs/ONSemiconductor/RSL10/3.6.465/lib/ble_core/Release/libblelib.a(ea.o)
                0x0010ef68                ea_interval_insert
 .text.ea_interval_remove
                0x0010ef74       0x10 C:/Users/Nicu/AppData/Local/Arm/Packs/ONSemiconductor/RSL10/3.6.465/lib/ble_core/Release/libblelib.a(ea.o)
                0x0010ef74                ea_interval_remove
 .text.ea_sw_isr
                0x0010ef84       0x24 C:/Users/Nicu/AppData/Local/Arm/Packs/ONSemiconductor/RSL10/3.6.465/lib/ble_core/Release/libblelib.a(ea.o)
                0x0010ef84                ea_sw_isr
 .text.ea_offset_req
                0x0010efa8      0x190 C:/Users/Nicu/AppData/Local/Arm/Packs/ONSemiconductor/RSL10/3.6.465/lib/ble_core/Release/libblelib.a(ea.o)
                0x0010efa8                ea_offset_req
 .text.ea_time_get_slot_rounded
                0x0010f138       0x2c C:/Users/Nicu/AppData/Local/Arm/Packs/ONSemiconductor/RSL10/3.6.465/lib/ble_core/Release/libblelib.a(ea.o)
                0x0010f138                ea_time_get_slot_rounded
 .text.ea_prog_timer
                0x0010f164      0x110 C:/Users/Nicu/AppData/Local/Arm/Packs/ONSemiconductor/RSL10/3.6.465/lib/ble_core/Release/libblelib.a(ea.o)
 .text.ea_elt_insert
                0x0010f274      0x208 C:/Users/Nicu/AppData/Local/Arm/Packs/ONSemiconductor/RSL10/3.6.465/lib/ble_core/Release/libblelib.a(ea.o)
                0x0010f274                ea_elt_insert
 .text.ea_elt_remove
                0x0010f47c       0x60 C:/Users/Nicu/AppData/Local/Arm/Packs/ONSemiconductor/RSL10/3.6.465/lib/ble_core/Release/libblelib.a(ea.o)
                0x0010f47c                ea_elt_remove
 .text.ea_finetimer_isr
                0x0010f4dc       0xc4 C:/Users/Nicu/AppData/Local/Arm/Packs/ONSemiconductor/RSL10/3.6.465/lib/ble_core/Release/libblelib.a(ea.o)
                0x0010f4dc                ea_finetimer_isr
 .text.ea_timer_target_get
                0x0010f5a0       0x10 C:/Users/Nicu/AppData/Local/Arm/Packs/ONSemiconductor/RSL10/3.6.465/lib/ble_core/Release/libblelib.a(ea.o)
                0x0010f5a0                ea_timer_target_get
 .text.ea_interval_duration_req
                0x0010f5b0       0x9c C:/Users/Nicu/AppData/Local/Arm/Packs/ONSemiconductor/RSL10/3.6.465/lib/ble_core/Release/libblelib.a(ea.o)
                0x0010f5b0                ea_interval_duration_req
 .text.rwble_recovery
                0x0010f64c      0x130 C:/Users/Nicu/AppData/Local/Arm/Packs/ONSemiconductor/RSL10/3.6.465/lib/ble_core/Release/libblelib.a(rwble.o)
                0x0010f64c                rwble_recovery
 .text.rwble_init
                0x0010f77c       0x2c C:/Users/Nicu/AppData/Local/Arm/Packs/ONSemiconductor/RSL10/3.6.465/lib/ble_core/Release/libblelib.a(rwble.o)
                0x0010f77c                rwble_init
 .text.rwble_reset
                0x0010f7a8       0x64 C:/Users/Nicu/AppData/Local/Arm/Packs/ONSemiconductor/RSL10/3.6.465/lib/ble_core/Release/libblelib.a(rwble.o)
                0x0010f7a8                rwble_reset
 .text.rwble_sleep_check
                0x0010f80c       0x10 C:/Users/Nicu/AppData/Local/Arm/Packs/ONSemiconductor/RSL10/3.6.465/lib/ble_core/Release/libblelib.a(rwble.o)
                0x0010f80c                rwble_sleep_check
 .text.rwble_isr
                0x0010f81c       0xf8 C:/Users/Nicu/AppData/Local/Arm/Packs/ONSemiconductor/RSL10/3.6.465/lib/ble_core/Release/libblelib.a(rwble.o)
                0x0010f81c                BLE_CSCNT_IRQHandler
                0x0010f81c                BLE_SW_IRQHandler
                0x0010f81c                BLE_AUDIO0_IRQHandler
                0x0010f81c                BLE_SLP_IRQHandler
                0x0010f81c                BLE_RX_IRQHandler
                0x0010f81c                rwble_isr
                0x0010f81c                BLE_AUDIO2_IRQHandler
                0x0010f81c                BLE_AUDIO1_IRQHandler
                0x0010f81c                BLE_ERROR_IRQHandler
                0x0010f81c                BLE_EVENT_IRQHandler
                0x0010f81c                BLE_CRYPT_IRQHandler
                0x0010f81c                BLE_FINETGTIM_IRQHandler
 .text.llm_wlpub_addr_set
                0x0010f914       0x2c C:/Users/Nicu/AppData/Local/Arm/Packs/ONSemiconductor/RSL10/3.6.465/lib/ble_core/Release/libblelib.a(llm.o)
 .text.llm_wlpriv_addr_set
                0x0010f940       0x2c C:/Users/Nicu/AppData/Local/Arm/Packs/ONSemiconductor/RSL10/3.6.465/lib/ble_core/Release/libblelib.a(llm.o)
 .text.llm_con_req_ind
                0x0010f96c      0x1fc C:/Users/Nicu/AppData/Local/Arm/Packs/ONSemiconductor/RSL10/3.6.465/lib/ble_core/Release/libblelib.a(llm.o)
                0x0010f96c                llm_con_req_ind
 .text.llm_le_adv_report_ind
                0x0010fb68      0x2e0 C:/Users/Nicu/AppData/Local/Arm/Packs/ONSemiconductor/RSL10/3.6.465/lib/ble_core/Release/libblelib.a(llm.o)