17:17:59 **** Incremental Build of configuration Release for project sense_ics_firmware_sleep ****
make -j8 all 
Building file: ../src/CSN_LP_ALS.c
Building file: ../src/CSN_LP_AO.c
Building file: ../src/CSN_LP_ENV.c
Building file: ../src/app.c
Building file: ../src/app_ble_hooks.c
Building file: ../src/app_init.c
Building file: ../src/app_sleep.c
Invoking: GNU ARM Cross C Compiler
Invoking: GNU ARM Cross C Compiler
Invoking: GNU ARM Cross C Compiler
arm-none-eabi-gcc -mcpu=cortex-m3 -mthumb -mlittle-endian -Os -fmessage-length=0 -fsigned-char -ffunction-sections -fdata-sections -Wunused -Wuninitialized -Wall -Wshadow  -g -DCFG_PRF_BASS -DRSL10_CID=101 -DCFG_ALLPRF -DCFG_ALLROLES -DCFG_APP -DCFG_ATTS -DCFG_BLE=1 -DCFG_SLEEP -DCFG_HW_AUDIO -DCFG_CHNL_ASSESS -DCFG_CON=1 -DCFG_EMB -DCFG_EXT_DB -DCFG_HOST -DCFG_NB_PRF=2 -DCFG_PRF -DCFG_RF_ATLAS -DCFG_SEC_CON -DAPP_TRACE_DISABLED=1 -D_RTE_ -I"D:\OnSemiV2\sense_ics_firmware_sleep\include" -I"D:\OnSemiV2\sense_ics_firmware_sleep\include\bdk" -I"C:/Users/Nicu/AppData/Local/Arm/Packs/ONSemiconductor/BDK/1.19.0/include/components" -I"C:/Users/Nicu/AppData/Local/Arm/Packs/ONSemiconductor/BDK/1.19.0/include/components/bhy1_firmware" -I"C:/Users/Nicu/AppData/Local/Arm/Packs/ONSemiconductor/RSL10/3.6.465/include" -I"C:/Users/Nicu/AppData/Local/Arm/Packs/ONSemiconductor/RSL10/3.6.465/include/bb" -I"C:/Users/Nicu/AppData/Local/Arm/Packs/ONSemiconductor/RSL10/3.6.465/include/ble" -I"C:/Users/Nicu/AppData/Local/Arm/Packs/ONSemiconductor/RSL10/3.6.465/include/ble/profiles" -I"C:/Users/Nicu/AppData/Local/Arm/Packs/ONSemiconductor/RSL10/3.6.465/include/kernel" -I"D:\OnSemiV2\sense_ics_firmware_sleep/RTE" -I"D:\OnSemiV2\sense_ics_firmware_sleep/RTE/Device/RSL10" -isystem"C:/Users/Nicu/AppData/Local/Arm/Packs/ONSemiconductor/BDK/1.19.0/include/components" -isystem"C:/Users/Nicu/AppData/Local/Arm/Packs/ONSemiconductor/BDK/1.19.0/include/components/bhy1_firmware" -isystem"C:/Users/Nicu/AppData/Local/Arm/Packs/ONSemiconductor/RSL10/3.6.465/include" -isystem"C:/Users/Nicu/AppData/Local/Arm/Packs/ONSemiconductor/RSL10/3.6.465/include/bb" -isystem"C:/Users/Nicu/AppData/Local/Arm/Packs/ONSemiconductor/RSL10/3.6.465/include/ble" -isystem"C:/Users/Nicu/AppData/Local/Arm/Packs/ONSemiconductor/RSL10/3.6.465/include/ble/profiles" -isystem"C:/Users/Nicu/AppData/Local/Arm/Packs/ONSemiconductor/RSL10/3.6.465/include/kernel" -isystem"D:\OnSemiV2\sense_ics_firmware_sleep/RTE" -isystem"D:\OnSemiV2\sense_ics_firmware_sleep/RTE/Device/RSL10" -std=gnu11 -MMD -MP -MF"src/CSN_LP_ALS.d" -MT"src/CSN_LP_ALS.o" -c -o "src/CSN_LP_ALS.o" "../src/CSN_LP_ALS.c"
Invoking: GNU ARM Cross C Compiler
arm-none-eabi-gcc -mcpu=cortex-m3 -mthumb -mlittle-endian -Os -fmessage-length=0 -fsigned-char -ffunction-sections -fdata-sections -Wunused -Wuninitialized -Wall -Wshadow  -g -DCFG_PRF_BASS -DRSL10_CID=101 -DCFG_ALLPRF -DCFG_ALLROLES -DCFG_APP -DCFG_ATTS -DCFG_BLE=1 -DCFG_SLEEP -DCFG_HW_AUDIO -DCFG_CHNL_ASSESS -DCFG_CON=1 -DCFG_EMB -DCFG_EXT_DB -DCFG_HOST -DCFG_NB_PRF=2 -DCFG_PRF -DCFG_RF_ATLAS -DCFG_SEC_CON -DAPP_TRACE_DISABLED=1 -D_RTE_ -I"D:\OnSemiV2\sense_ics_firmware_sleep\include" -I"D:\OnSemiV2\sense_ics_firmware_sleep\include\bdk" -I"C:/Users/Nicu/AppData/Local/Arm/Packs/ONSemiconductor/BDK/1.19.0/include/components" -I"C:/Users/Nicu/AppData/Local/Arm/Packs/ONSemiconductor/BDK/1.19.0/include/components/bhy1_firmware" -I"C:/Users/Nicu/AppData/Local/Arm/Packs/ONSemiconductor/RSL10/3.6.465/include" -I"C:/Users/Nicu/AppData/Local/Arm/Packs/ONSemiconductor/RSL10/3.6.465/include/bb" -I"C:/Users/Nicu/AppData/Local/Arm/Packs/ONSemiconductor/RSL10/3.6.465/include/ble" -I"C:/Users/Nicu/AppData/Local/Arm/Packs/ONSemiconductor/RSL10/3.6.465/include/ble/profiles" -I"C:/Users/Nicu/AppData/Local/Arm/Packs/ONSemiconductor/RSL10/3.6.465/include/kernel" -I"D:\OnSemiV2\sense_ics_firmware_sleep/RTE" -I"D:\OnSemiV2\sense_ics_firmware_sleep/RTE/Device/RSL10" -isystem"C:/Users/Nicu/AppData/Local/Arm/Packs/ONSemiconductor/BDK/1.19.0/include/components" -isystem"C:/Users/Nicu/AppData/Local/Arm/Packs/ONSemiconductor/BDK/1.19.0/include/components/bhy1_firmware" -isystem"C:/Users/Nicu/AppData/Local/Arm/Packs/ONSemiconductor/RSL10/3.6.465/include" -isystem"C:/Users/Nicu/AppData/Local/Arm/Packs/ONSemiconductor/RSL10/3.6.465/include/bb" -isystem"C:/Users/Nicu/AppData/Local/Arm/Packs/ONSemiconductor/RSL10/3.6.465/include/ble" -isystem"C:/Users/Nicu/AppData/Local/Arm/Packs/ONSemiconductor/RSL10/3.6.465/include/ble/profiles" -isystem"C:/Users/Nicu/AppData/Local/Arm/Packs/ONSemiconductor/RSL10/3.6.465/include/kernel" -isystem"D:\OnSemiV2\sense_ics_firmware_sleep/RTE" -isystem"D:\OnSemiV2\sense_ics_firmware_sleep/RTE/Device/RSL10" -std=gnu11 -MMD -MP -MF"src/CSN_LP_AO.d" -MT"src/CSN_LP_AO.o" -c -o "src/CSN_LP_AO.o" "../src/CSN_LP_AO.c"
Invoking: GNU ARM Cross C Compiler
arm-none-eabi-gcc -mcpu=cortex-m3 -mthumb -mlittle-endian -Os -fmessage-length=0 -fsigned-char -ffunction-sections -fdata-sections -Wunused -Wuninitialized -Wall -Wshadow  -g -DCFG_PRF_BASS -DRSL10_CID=101 -DCFG_ALLPRF -DCFG_ALLROLES -DCFG_APP -DCFG_ATTS -DCFG_BLE=1 -DCFG_SLEEP -DCFG_HW_AUDIO -DCFG_CHNL_ASSESS -DCFG_CON=1 -DCFG_EMB -DCFG_EXT_DB -DCFG_HOST -DCFG_NB_PRF=2 -DCFG_PRF -DCFG_RF_ATLAS -DCFG_SEC_CON -DAPP_TRACE_DISABLED=1 -D_RTE_ -I"D:\OnSemiV2\sense_ics_firmware_sleep\include" -I"D:\OnSemiV2\sense_ics_firmware_sleep\include\bdk" -I"C:/Users/Nicu/AppData/Local/Arm/Packs/ONSemiconductor/BDK/1.19.0/include/components" -I"C:/Users/Nicu/AppData/Local/Arm/Packs/ONSemiconductor/BDK/1.19.0/include/components/bhy1_firmware" -I"C:/Users/Nicu/AppData/Local/Arm/Packs/ONSemiconductor/RSL10/3.6.465/include" -I"C:/Users/Nicu/AppData/Local/Arm/Packs/ONSemiconductor/RSL10/3.6.465/include/bb" -I"C:/Users/Nicu/AppData/Local/Arm/Packs/ONSemiconductor/RSL10/3.6.465/include/ble" -I"C:/Users/Nicu/AppData/Local/Arm/Packs/ONSemiconductor/RSL10/3.6.465/include/ble/profiles" -I"C:/Users/Nicu/AppData/Local/Arm/Packs/ONSemiconductor/RSL10/3.6.465/include/kernel" -I"D:\OnSemiV2\sense_ics_firmware_sleep/RTE" -I"D:\OnSemiV2\sense_ics_firmware_sleep/RTE/Device/RSL10" -isystem"C:/Users/Nicu/AppData/Local/Arm/Packs/ONSemiconductor/BDK/1.19.0/include/components" -isystem"C:/Users/Nicu/AppData/Local/Arm/Packs/ONSemiconductor/BDK/1.19.0/include/components/bhy1_firmware" -isystem"C:/Users/Nicu/AppData/Local/Arm/Packs/ONSemiconductor/RSL10/3.6.465/include" -isystem"C:/Users/Nicu/AppData/Local/Arm/Packs/ONSemiconductor/RSL10/3.6.465/include/bb" -isystem"C:/Users/Nicu/AppData/Local/Arm/Packs/ONSemiconductor/RSL10/3.6.465/include/ble" -isystem"C:/Users/Nicu/AppData/Local/Arm/Packs/ONSemiconductor/RSL10/3.6.465/include/ble/profiles" -isystem"C:/Users/Nicu/AppData/Local/Arm/Packs/ONSemiconductor/RSL10/3.6.465/include/kernel" -isystem"D:\OnSemiV2\sense_ics_firmware_sleep/RTE" -isystem"D:\OnSemiV2\sense_ics_firmware_sleep/RTE/Device/RSL10" -std=gnu11 -MMD -MP -MF"src/CSN_LP_ENV.d" -MT"src/CSN_LP_ENV.o" -c -o "src/CSN_LP_ENV.o" "../src/CSN_LP_ENV.c"
Invoking: GNU ARM Cross C Compiler
Invoking: GNU ARM Cross C Compiler
arm-none-eabi-gcc -mcpu=cortex-m3 -mthumb -mlittle-endian -Os -fmessage-length=0 -fsigned-char -ffunction-sections -fdata-sections -Wunused -Wuninitialized -Wall -Wshadow  -g -DCFG_PRF_BASS -DRSL10_CID=101 -DCFG_ALLPRF -DCFG_ALLROLES -DCFG_APP -DCFG_ATTS -DCFG_BLE=1 -DCFG_SLEEP -DCFG_HW_AUDIO -DCFG_CHNL_ASSESS -DCFG_CON=1 -DCFG_EMB -DCFG_EXT_DB -DCFG_HOST -DCFG_NB_PRF=2 -DCFG_PRF -DCFG_RF_ATLAS -DCFG_SEC_CON -DAPP_TRACE_DISABLED=1 -D_RTE_ -I"D:\OnSemiV2\sense_ics_firmware_sleep\include" -I"D:\OnSemiV2\sense_ics_firmware_sleep\include\bdk" -I"C:/Users/Nicu/AppData/Local/Arm/Packs/ONSemiconductor/BDK/1.19.0/include/components" -I"C:/Users/Nicu/AppData/Local/Arm/Packs/ONSemiconductor/BDK/1.19.0/include/components/bhy1_firmware" -I"C:/Users/Nicu/AppData/Local/Arm/Packs/ONSemiconductor/RSL10/3.6.465/include" -I"C:/Users/Nicu/AppData/Local/Arm/Packs/ONSemiconductor/RSL10/3.6.465/include/bb" -I"C:/Users/Nicu/AppData/Local/Arm/Packs/ONSemiconductor/RSL10/3.6.465/include/ble" -I"C:/Users/Nicu/AppData/Local/Arm/Packs/ONSemiconductor/RSL10/3.6.465/include/ble/profiles" -I"C:/Users/Nicu/AppData/Local/Arm/Packs/ONSemiconductor/RSL10/3.6.465/include/kernel" -I"D:\OnSemiV2\sense_ics_firmware_sleep/RTE" -I"D:\OnSemiV2\sense_ics_firmware_sleep/RTE/Device/RSL10" -isystem"C:/Users/Nicu/AppData/Local/Arm/Packs/ONSemiconductor/BDK/1.19.0/include/components" -isystem"C:/Users/Nicu/AppData/Local/Arm/Packs/ONSemiconductor/BDK/1.19.0/include/components/bhy1_firmware" -isystem"C:/Users/Nicu/AppData/Local/Arm/Packs/ONSemiconductor/RSL10/3.6.465/include" -isystem"C:/Users/Nicu/AppData/Local/Arm/Packs/ONSemiconductor/RSL10/3.6.465/include/bb" -isystem"C:/Users/Nicu/AppData/Local/Arm/Packs/ONSemiconductor/RSL10/3.6.465/include/ble" -isystem"C:/Users/Nicu/AppData/Local/Arm/Packs/ONSemiconductor/RSL10/3.6.465/include/ble/profiles" -isystem"C:/Users/Nicu/AppData/Local/Arm/Packs/ONSemiconductor/RSL10/3.6.465/include/kernel" -isystem"D:\OnSemiV2\sense_ics_firmware_sleep/RTE" -isystem"D:\OnSemiV2\sense_ics_firmware_sleep/RTE/Device/RSL10" -std=gnu11 -MMD -MP -MF"src/app.d" -MT"src/app.o" -c -o "src/app.o" "../src/app.c"
arm-none-eabi-gcc -mcpu=cortex-m3 -mthumb -mlittle-endian -Os -fmessage-length=0 -fsigned-char -ffunction-sections -fdata-sections -Wunused -Wuninitialized -Wall -Wshadow  -g -DCFG_PRF_BASS -DRSL10_CID=101 -DCFG_ALLPRF -DCFG_ALLROLES -DCFG_APP -DCFG_ATTS -DCFG_BLE=1 -DCFG_SLEEP -DCFG_HW_AUDIO -DCFG_CHNL_ASSESS -DCFG_CON=1 -DCFG_EMB -DCFG_EXT_DB -DCFG_HOST -DCFG_NB_PRF=2 -DCFG_PRF -DCFG_RF_ATLAS -DCFG_SEC_CON -DAPP_TRACE_DISABLED=1 -D_RTE_ -I"D:\OnSemiV2\sense_ics_firmware_sleep\include" -I"D:\OnSemiV2\sense_ics_firmware_sleep\include\bdk" -I"C:/Users/Nicu/AppData/Local/Arm/Packs/ONSemiconductor/BDK/1.19.0/include/components" -I"C:/Users/Nicu/AppData/Local/Arm/Packs/ONSemiconductor/BDK/1.19.0/include/components/bhy1_firmware" -I"C:/Users/Nicu/AppData/Local/Arm/Packs/ONSemiconductor/RSL10/3.6.465/include" -I"C:/Users/Nicu/AppData/Local/Arm/Packs/ONSemiconductor/RSL10/3.6.465/include/bb" -I"C:/Users/Nicu/AppData/Local/Arm/Packs/ONSemiconductor/RSL10/3.6.465/include/ble" -I"C:/Users/Nicu/AppData/Local/Arm/Packs/ONSemiconductor/RSL10/3.6.465/include/ble/profiles" -I"C:/Users/Nicu/AppData/Local/Arm/Packs/ONSemiconductor/RSL10/3.6.465/include/kernel" -I"D:\OnSemiV2\sense_ics_firmware_sleep/RTE" -I"D:\OnSemiV2\sense_ics_firmware_sleep/RTE/Device/RSL10" -isystem"C:/Users/Nicu/AppData/Local/Arm/Packs/ONSemiconductor/BDK/1.19.0/include/components" -isystem"C:/Users/Nicu/AppData/Local/Arm/Packs/ONSemiconductor/BDK/1.19.0/include/components/bhy1_firmware" -isystem"C:/Users/Nicu/AppData/Local/Arm/Packs/ONSemiconductor/RSL10/3.6.465/include" -isystem"C:/Users/Nicu/AppData/Local/Arm/Packs/ONSemiconductor/RSL10/3.6.465/include/bb" -isystem"C:/Users/Nicu/AppData/Local/Arm/Packs/ONSemiconductor/RSL10/3.6.465/include/ble" -isystem"C:/Users/Nicu/AppData/Local/Arm/Packs/ONSemiconductor/RSL10/3.6.465/include/ble/profiles" -isystem"C:/Users/Nicu/AppData/Local/Arm/Packs/ONSemiconductor/RSL10/3.6.465/include/kernel" -isystem"D:\OnSemiV2\sense_ics_firmware_sleep/RTE" -isystem"D:\OnSemiV2\sense_ics_firmware_sleep/RTE/Device/RSL10" -std=gnu11 -MMD -MP -MF"src/app_ble_hooks.d" -MT"src/app_ble_hooks.o" -c -o "src/app_ble_hooks.o" "../src/app_ble_hooks.c"
arm-none-eabi-gcc -mcpu=cortex-m3 -mthumb -mlittle-endian -Os -fmessage-length=0 -fsigned-char -ffunction-sections -fdata-sections -Wunused -Wuninitialized -Wall -Wshadow  -g -DCFG_PRF_BASS -DRSL10_CID=101 -DCFG_ALLPRF -DCFG_ALLROLES -DCFG_APP -DCFG_ATTS -DCFG_BLE=1 -DCFG_SLEEP -DCFG_HW_AUDIO -DCFG_CHNL_ASSESS -DCFG_CON=1 -DCFG_EMB -DCFG_EXT_DB -DCFG_HOST -DCFG_NB_PRF=2 -DCFG_PRF -DCFG_RF_ATLAS -DCFG_SEC_CON -DAPP_TRACE_DISABLED=1 -D_RTE_ -I"D:\OnSemiV2\sense_ics_firmware_sleep\include" -I"D:\OnSemiV2\sense_ics_firmware_sleep\include\bdk" -I"C:/Users/Nicu/AppData/Local/Arm/Packs/ONSemiconductor/BDK/1.19.0/include/components" -I"C:/Users/Nicu/AppData/Local/Arm/Packs/ONSemiconductor/BDK/1.19.0/include/components/bhy1_firmware" -I"C:/Users/Nicu/AppData/Local/Arm/Packs/ONSemiconductor/RSL10/3.6.465/include" -I"C:/Users/Nicu/AppData/Local/Arm/Packs/ONSemiconductor/RSL10/3.6.465/include/bb" -I"C:/Users/Nicu/AppData/Local/Arm/Packs/ONSemiconductor/RSL10/3.6.465/include/ble" -I"C:/Users/Nicu/AppData/Local/Arm/Packs/ONSemiconductor/RSL10/3.6.465/include/ble/profiles" -I"C:/Users/Nicu/AppData/Local/Arm/Packs/ONSemiconductor/RSL10/3.6.465/include/kernel" -I"D:\OnSemiV2\sense_ics_firmware_sleep/RTE" -I"D:\OnSemiV2\sense_ics_firmware_sleep/RTE/Device/RSL10" -isystem"C:/Users/Nicu/AppData/Local/Arm/Packs/ONSemiconductor/BDK/1.19.0/include/components" -isystem"C:/Users/Nicu/AppData/Local/Arm/Packs/ONSemiconductor/BDK/1.19.0/include/components/bhy1_firmware" -isystem"C:/Users/Nicu/AppData/Local/Arm/Packs/ONSemiconductor/RSL10/3.6.465/include" -isystem"C:/Users/Nicu/AppData/Local/Arm/Packs/ONSemiconductor/RSL10/3.6.465/include/bb" -isystem"C:/Users/Nicu/AppData/Local/Arm/Packs/ONSemiconductor/RSL10/3.6.465/include/ble" -isystem"C:/Users/Nicu/AppData/Local/Arm/Packs/ONSemiconductor/RSL10/3.6.465/include/ble/profiles" -isystem"C:/Users/Nicu/AppData/Local/Arm/Packs/ONSemiconductor/RSL10/3.6.465/include/kernel" -isystem"D:\OnSemiV2\sense_ics_firmware_sleep/RTE" -isystem"D:\OnSemiV2\sense_ics_firmware_sleep/RTE/Device/RSL10" -std=gnu11 -MMD -MP -MF"src/app_init.d" -MT"src/app_init.o" -c -o "src/app_init.o" "../src/app_init.c"
arm-none-eabi-gcc -mcpu=cortex-m3 -mthumb -mlittle-endian -Os -fmessage-length=0 -fsigned-char -ffunction-sections -fdata-sections -Wunused -Wuninitialized -Wall -Wshadow  -g -DCFG_PRF_BASS -DRSL10_CID=101 -DCFG_ALLPRF -DCFG_ALLROLES -DCFG_APP -DCFG_ATTS -DCFG_BLE=1 -DCFG_SLEEP -DCFG_HW_AUDIO -DCFG_CHNL_ASSESS -DCFG_CON=1 -DCFG_EMB -DCFG_EXT_DB -DCFG_HOST -DCFG_NB_PRF=2 -DCFG_PRF -DCFG_RF_ATLAS -DCFG_SEC_CON -DAPP_TRACE_DISABLED=1 -D_RTE_ -I"D:\OnSemiV2\sense_ics_firmware_sleep\include" -I"D:\OnSemiV2\sense_ics_firmware_sleep\include\bdk" -I"C:/Users/Nicu/AppData/Local/Arm/Packs/ONSemiconductor/BDK/1.19.0/include/components" -I"C:/Users/Nicu/AppData/Local/Arm/Packs/ONSemiconductor/BDK/1.19.0/include/components/bhy1_firmware" -I"C:/Users/Nicu/AppData/Local/Arm/Packs/ONSemiconductor/RSL10/3.6.465/include" -I"C:/Users/Nicu/AppData/Local/Arm/Packs/ONSemiconductor/RSL10/3.6.465/include/bb" -I"C:/Users/Nicu/AppData/Local/Arm/Packs/ONSemiconductor/RSL10/3.6.465/include/ble" -I"C:/Users/Nicu/AppData/Local/Arm/Packs/ONSemiconductor/RSL10/3.6.465/include/ble/profiles" -I"C:/Users/Nicu/AppData/Local/Arm/Packs/ONSemiconductor/RSL10/3.6.465/include/kernel" -I"D:\OnSemiV2\sense_ics_firmware_sleep/RTE" -I"D:\OnSemiV2\sense_ics_firmware_sleep/RTE/Device/RSL10" -isystem"C:/Users/Nicu/AppData/Local/Arm/Packs/ONSemiconductor/BDK/1.19.0/include/components" -isystem"C:/Users/Nicu/AppData/Local/Arm/Packs/ONSemiconductor/BDK/1.19.0/include/components/bhy1_firmware" -isystem"C:/Users/Nicu/AppData/Local/Arm/Packs/ONSemiconductor/RSL10/3.6.465/include" -isystem"C:/Users/Nicu/AppData/Local/Arm/Packs/ONSemiconductor/RSL10/3.6.465/include/bb" -isystem"C:/Users/Nicu/AppData/Local/Arm/Packs/ONSemiconductor/RSL10/3.6.465/include/ble" -isystem"C:/Users/Nicu/AppData/Local/Arm/Packs/ONSemiconductor/RSL10/3.6.465/include/ble/profiles" -isystem"C:/Users/Nicu/AppData/Local/Arm/Packs/ONSemiconductor/RSL10/3.6.465/include/kernel" -isystem"D:\OnSemiV2\sense_ics_firmware_sleep/RTE" -isystem"D:\OnSemiV2\sense_ics_firmware_sleep/RTE/Device/RSL10" -std=gnu11 -MMD -MP -MF"src/app_sleep.d" -MT"src/app_sleep.o" -c -o "src/app_sleep.o" "../src/app_sleep.c"
Finished building: ../src/CSN_LP_ALS.c
 
In file included from ../src/CSN_LP_AO.c:19:
../src/CSN_LP_AO.c: In function 'CSN_LP_AO_RequestHandler':
../src/CSN_LP_AO.c:266:25: warning: array subscript has type 'char' [-Wchar-subscripts]
  266 |             if (isdigit(*c) == 0)
      |                         ^~
In file included from ../src/CSN_LP_ENV.c:15:
../src/CSN_LP_ENV.c: In function 'CSN_ENV_RequestHandler':
../src/CSN_LP_ENV.c:366:25: warning: array subscript has type 'char' [-Wchar-subscripts]
  366 |             if (isdigit(*c) == 0)
      |                         ^~
Finished building: ../src/CSN_LP_ENV.c
Finished building: ../src/CSN_LP_AO.c
 
 
Finished building: ../src/app_ble_hooks.c
Finished building: ../src/app_sleep.c
 
 
Finished building: ../src/app.c
 
Finished building: ../src/app_init.c
 
Building target: sense_ics_firmware_sleep.elf
Invoking: GNU ARM Cross C Linker
arm-none-eabi-gcc -mcpu=cortex-m3 -mthumb -mlittle-endian -Os -fmessage-length=0 -fsigned-char -ffunction-sections -fdata-sections -Wunused -Wuninitialized -Wall -Wshadow  -g -T "D:\OnSemiV2\sense_ics_firmware_sleep\RTE\Device\RSL10\sections.ld" -nostartfiles -Xlinker --gc-sections -Wl,-Map,"sense_ics_firmware_sleep.map" --specs=nano.specs -u _printf_float --specs=nosys.specs -o "sense_ics_firmware_sleep.elf" -Wl,--start-group  ./src/ics/CS.o ./src/ics/CS_Platform_RSL10_HB.o  ./src/device/BDK.o ./src/device/BDK_Task.o ./src/device/EventCallback.o ./src/device/HAL.o ./src/device/HAL_I2C.o ./src/device/HAL_UART.o ./src/device/HAL_clock.o ./src/device/HAL_error.o ./src/device/I2C_RSLxx.o ./src/device/SEGGER_RTT.o ./src/device/SEGGER_RTT_printf.o ./src/device/SoftwareTimer.o ./src/device/USART_RSLxx.o ./src/device/stimer.o ./src/device/syscalls_hal_uart.o  ./src/bsp/BHI160_NDOF.o ./src/bsp/BME680_ENV.o ./src/bsp/BSEC_ENV.o ./src/bsp/I2CEeprom.o ./src/bsp/NOA1305_ALS.o ./src/bsp/bhy_support.o ./src/bsp/button_api.o ./src/bsp/led_api.o  ./src/ble/BLE_BASS.o ./src/ble/BLE_ICS.o ./src/ble/BLE_PeripheralServer.o  ./src/CSN_LP_ALS.o ./src/CSN_LP_AO.o ./src/CSN_LP_ENV.o ./src/HAL_RTC.o ./src/aes.o ./src/app.o ./src/app_ble_hooks.o ./src/app_init.o ./src/app_sleep.o ./src/app_timer.o ./src/app_trace.o ./src/calibration.o ./src/wakeup_asm.o  ./RTE/Device/RSL10/rsl10_protocol.o ./RTE/Device/RSL10/rsl10_romvect.o ./RTE/Device/RSL10/rsl10_sys_asrc.o ./RTE/Device/RSL10/rsl10_sys_audio.o ./RTE/Device/RSL10/rsl10_sys_clocks.o ./RTE/Device/RSL10/rsl10_sys_crc.o ./RTE/Device/RSL10/rsl10_sys_dma.o ./RTE/Device/RSL10/rsl10_sys_flash.o ./RTE/Device/RSL10/rsl10_sys_power.o ./RTE/Device/RSL10/rsl10_sys_power_modes.o ./RTE/Device/RSL10/rsl10_sys_rffe.o ./RTE/Device/RSL10/rsl10_sys_timers.o ./RTE/Device/RSL10/rsl10_sys_uart.o ./RTE/Device/RSL10/rsl10_sys_version.o ./RTE/Device/RSL10/sbrk.o ./RTE/Device/RSL10/start.o ./RTE/Device/RSL10/startup_rsl10.o ./RTE/Device/RSL10/stubprf.o ./RTE/Device/RSL10/system_rsl10.o  ./RTE/Components/bhy.o ./RTE/Components/bhy1_firmware.o ./RTE/Components/bhy_uc_driver.o ./RTE/Components/bme680.o ./RTE/Components/noa1305.o  C:/Users/Nicu/AppData/Local/Arm/Packs/ONSemiconductor/BDK/1.19.0/source/firmware/Components/BSEC_1.4.7.1_Generic_Release_20180907/algo/bin/Normal_version/gcc/Cortex_M3/libalgobsec.a C:/Users/Nicu/AppData/Local/Arm/Packs/ONSemiconductor/RSL10/3.6.465/lib/ble_core/Release/libblelib.a C:/Users/Nicu/AppData/Local/Arm/Packs/ONSemiconductor/RSL10/3.6.465/lib/ble_core/Release/libkelib.a C:/Users/Nicu/AppData/Local/Arm/Packs/ONSemiconductor/RSL10/3.6.465/lib/ble_profiles/Release/libbass.a -lm -Wl,--end-group
Finished building target: sense_ics_firmware_sleep.elf
 
Invoking: GNU ARM Cross Create Flash Image
Invoking: GNU ARM Cross Print Size
arm-none-eabi-objcopy -O ihex "sense_ics_firmware_sleep.elf"  "sense_ics_firmware_sleep.hex"
arm-none-eabi-size --format=berkeley "sense_ics_firmware_sleep.elf"
   text	   data	    bss	    dec	    hex	filename
 238324	      0	  18416	 256740	  3eae4	sense_ics_firmware_sleep.elf
Finished building: sense_ics_firmware_sleep.siz
Finished building: sense_ics_firmware_sleep.hex
 
 

17:18:04 Build Finished. 0 errors, 2 warnings. (took 5s.117ms)

